#
# There is insufficient memory for the Java Runtime Environment to continue.
# Native memory allocation (malloc) failed to allocate 338960 bytes. Error detail: Chunk::new
# Possible reasons:
#   The system is out of physical RAM or swap space
#   This process is running with CompressedOops enabled, and the Java Heap may be blocking the growth of the native heap
# Possible solutions:
#   Reduce memory load on the system
#   Increase physical memory or swap space
#   Check if swap backing store is full
#   Decrease Java heap size (-Xmx/-Xms)
#   Decrease number of Java threads
#   Decrease Java thread stack sizes (-Xss)
#   Set larger code cache with -XX:ReservedCodeCacheSize=
#   JVM is running with Unscaled Compressed Oops mode in which the Java heap is
#     placed in the first 4GB address space. The Java Heap base address is the
#     maximum limit for the native heap growth. Please use -XX:HeapBaseMinAddress
#     to set the Java Heap base and to place the Java Heap above 4GB virtual address.
# This output file may be truncated or incomplete.
#
#  Out of Memory Error (arena.cpp:168), pid=2368, tid=29052
#
# JRE version: OpenJDK Runtime Environment Temurin-21.0.11+10 (21.0.11+10) (build 21.0.11+10-LTS)
# Java VM: OpenJDK 64-Bit Server VM Temurin-21.0.11+10 (21.0.11+10-LTS, mixed mode, sharing, tiered, compressed oops, compressed class ptrs, parallel gc, windows-amd64)
# No core dump will be written. Minidumps are not enabled by default on client versions of Windows
#

---------------  S U M M A R Y ------------

Command Line: --add-modules=ALL-SYSTEM --add-opens=java.base/java.util=ALL-UNNAMED --add-opens=java.base/java.lang=ALL-UNNAMED --add-opens=java.base/sun.nio.fs=ALL-UNNAMED -Declipse.application=org.eclipse.jdt.ls.core.id1 -Dosgi.bundles.defaultStartLevel=4 -Declipse.product=org.eclipse.jdt.ls.core.product -Djava.import.generatesMetadataFilesAtProjectRoot=false -DDetectVMInstallationsJob.disabled=true -Dfile.encoding=utf8 -XX:+UseParallelGC -XX:GCTimeRatio=4 -XX:AdaptiveSizePolicyWeight=90 -Dsun.zip.disableMemoryMapping=true -Xmx2G -Xms100m -Xlog:disable -javaagent:c:\Users\Rishab Raj\.vscode\extensions\redhat.java-1.55.0-win32-x64\lombok\lombok-1.18.39-4050.jar -XX:+HeapDumpOnOutOfMemoryError -XX:HeapDumpPath=c:\Users\Rishab Raj\AppData\Roaming\Code\User\workspaceStorage\9986fddd050dcad5d5090b04e425bfdb\redhat.java -Daether.dependencyCollector.impl=bf c:\Users\Rishab Raj\.vscode\extensions\redhat.java-1.55.0-win32-x64\server\plugins\org.eclipse.equinox.launcher_1.7.200.v20260619-2039.jar -configuration c:\Users\Rishab Raj\AppData\Roaming\Code\User\globalStorage\redhat.java\1.55.0\config_win -data c:\Users\Rishab Raj\AppData\Roaming\Code\User\workspaceStorage\9986fddd050dcad5d5090b04e425bfdb\redhat.java\jdt_ws --pipe=\\.\pipe\lsp-51c9904b8b4ec346d2ba32eae6154377-sock

Host: AMD Ryzen 5 5600H with Radeon Graphics         , 12 cores, 15G,  Windows 11 , 64 bit Build 26100 (10.0.26100.9168)
Time: Thu Aug 13 21:58:51 2026 India Standard Time elapsed time: 79.780506 seconds (0d 0h 1m 19s)

---------------  T H R E A D  ---------------

Current thread (0x000002929d73ce40):  JavaThread "C2 CompilerThread0" daemon [_thread_in_native, id=29052, stack(0x000000b84d200000,0x000000b84d300000) (1024K)]


Current CompileTask:
C2:79780 8842       4       org.eclipse.jdt.internal.compiler.parser.Parser::consumeRule (7843 bytes)

Stack: [0x000000b84d200000,0x000000b84d300000]
Native frames: (J=compiled Java code, j=interpreted, Vv=VM code, C=native code)
V  [jvm.dll+0x6d7e19]
V  [jvm.dll+0x8b5096]
V  [jvm.dll+0x8b764e]
V  [jvm.dll+0x8b7d33]
V  [jvm.dll+0x284596]
V  [jvm.dll+0xc685d]
V  [jvm.dll+0xc6da1]
V  [jvm.dll+0x1422bf]
V  [jvm.dll+0x666713]
V  [jvm.dll+0x664c1b]
V  [jvm.dll+0x24c57b]
V  [jvm.dll+0x24bce0]
V  [jvm.dll+0x1cb4ae]
V  [jvm.dll+0x25baad]
V  [jvm.dll+0x25a03a]
V  [jvm.dll+0x3f868e]
V  [jvm.dll+0x85fb0d]
V  [jvm.dll+0x6d664d]
C  [ucrtbase.dll+0x2cd30]
C  [KERNEL32.DLL+0x2ccb7]
C  [ntdll.dll+0xaad6c]


---------------  P R O C E S S  ---------------

Threads class SMR info:
_java_thread_list=0x00000292ff0b3880, length=54, elements={
0x000002929b2d9ad0, 0x000002929d7223d0, 0x000002929d7242b0, 0x000002929d72f740,
0x000002929d730620, 0x000002929d7340a0, 0x00000292f6472200, 0x000002929d73ce40,
0x000002929d73de70, 0x00000292f66c7ad0, 0x00000292f682e810, 0x00000292f784bf70,
0x00000292f75af790, 0x00000292f75c29f0, 0x00000292f675e890, 0x00000292fc4c77e0,
0x00000292fc4c5e40, 0x00000292f66c0150, 0x00000292fc267e60, 0x00000292fc265d90,
0x00000292fc266420, 0x00000292fc267140, 0x00000292fc265070, 0x00000292fc2677d0,
0x00000292fc265700, 0x000002928034b280, 0x000002928034abf0, 0x000002928034b910,
0x000002928034c630, 0x0000029280349ed0, 0x0000029280349840, 0x000002928034a560,
0x000002928034ccc0, 0x000002928034bfa0, 0x0000029280341870, 0x00000292803411e0,
0x000002928033fe30, 0x0000029280341f00, 0x000002928033f7a0, 0x000002928033ea80,
0x0000029280342590, 0x00000292803404c0, 0x0000029280344cf0, 0x0000029280345380,
0x0000029280345a10, 0x00000292803460a0, 0x0000029280343940, 0x0000029280343fd0,
0x00000292fe0d68e0, 0x00000292fe0d89b0, 0x00000292fe0d5bc0, 0x00000292fe0d6250,
0x00000292fe0d8320, 0x00000292fe0d9d60
}

Java Threads: ( => current thread )
  0x000002929b2d9ad0 JavaThread "main"                              [_thread_blocked, id=7752, stack(0x000000b84c800000,0x000000b84c900000) (1024K)]
  0x000002929d7223d0 JavaThread "Reference Handler"          daemon [_thread_blocked, id=26156, stack(0x000000b84cc00000,0x000000b84cd00000) (1024K)]
  0x000002929d7242b0 JavaThread "Finalizer"                  daemon [_thread_blocked, id=29712, stack(0x000000b84cd00000,0x000000b84ce00000) (1024K)]
  0x000002929d72f740 JavaThread "Signal Dispatcher"          daemon [_thread_blocked, id=28904, stack(0x000000b84ce00000,0x000000b84cf00000) (1024K)]
  0x000002929d730620 JavaThread "Attach Listener"            daemon [_thread_blocked, id=12984, stack(0x000000b84cf00000,0x000000b84d000000) (1024K)]
  0x000002929d7340a0 JavaThread "Service Thread"             daemon [_thread_blocked, id=13760, stack(0x000000b84d000000,0x000000b84d100000) (1024K)]
  0x00000292f6472200 JavaThread "Monitor Deflation Thread"   daemon [_thread_blocked, id=20056, stack(0x000000b84d100000,0x000000b84d200000) (1024K)]
=>0x000002929d73ce40 JavaThread "C2 CompilerThread0"         daemon [_thread_in_native, id=29052, stack(0x000000b84d200000,0x000000b84d300000) (1024K)]
  0x000002929d73de70 JavaThread "C1 CompilerThread0"         daemon [_thread_blocked, id=8008, stack(0x000000b84d300000,0x000000b84d400000) (1024K)]
  0x00000292f66c7ad0 JavaThread "Common-Cleaner"             daemon [_thread_blocked, id=10632, stack(0x000000b84d500000,0x000000b84d600000) (1024K)]
  0x00000292f682e810 JavaThread "Notification Thread"        daemon [_thread_blocked, id=14684, stack(0x000000b84d600000,0x000000b84d700000) (1024K)]
  0x00000292f784bf70 JavaThread "Active Thread: Equinox Container: b9db33ba-f455-450a-a0be-01a8921ed11d"        [_thread_blocked, id=29780, stack(0x000000b84dd00000,0x000000b84de00000) (1024K)]
  0x00000292f75af790 JavaThread "Refresh Thread: Equinox Container: b9db33ba-f455-450a-a0be-01a8921ed11d" daemon [_thread_blocked, id=16192, stack(0x000000b84df00000,0x000000b84e000000) (1024K)]
  0x00000292f75c29f0 JavaThread "Framework Event Dispatcher: Equinox Container: b9db33ba-f455-450a-a0be-01a8921ed11d" daemon [_thread_blocked, id=18484, stack(0x000000b84e000000,0x000000b84e100000) (1024K)]
  0x00000292f675e890 JavaThread "Start Level: Equinox Container: b9db33ba-f455-450a-a0be-01a8921ed11d" daemon [_thread_blocked, id=10812, stack(0x000000b84e100000,0x000000b84e200000) (1024K)]
  0x00000292fc4c77e0 JavaThread "Bundle File Closer"         daemon [_thread_blocked, id=24664, stack(0x000000b84e400000,0x000000b84e500000) (1024K)]
  0x00000292fc4c5e40 JavaThread "SCR Component Actor"        daemon [_thread_blocked, id=21692, stack(0x000000b84d400000,0x000000b84d500000) (1024K)]
  0x00000292f66c0150 JavaThread "Worker-JM"                         [_thread_blocked, id=27820, stack(0x000000b84e500000,0x000000b84e600000) (1024K)]
  0x00000292fc267e60 JavaThread "JNA Cleaner"                daemon [_thread_blocked, id=10320, stack(0x000000b84e600000,0x000000b84e700000) (1024K)]
  0x00000292fc265d90 JavaThread "Worker-0"                          [_thread_blocked, id=23900, stack(0x000000b84e700000,0x000000b84e800000) (1024K)]
  0x00000292fc266420 JavaThread "Worker-1"                          [_thread_blocked, id=7372, stack(0x000000b84e800000,0x000000b84e900000) (1024K)]
  0x00000292fc267140 JavaThread "Worker-2"                          [_thread_blocked, id=24028, stack(0x000000b84e900000,0x000000b84ea00000) (1024K)]
  0x00000292fc265070 JavaThread "Worker-3"                          [_thread_blocked, id=29436, stack(0x000000b84ea00000,0x000000b84eb00000) (1024K)]
  0x00000292fc2677d0 JavaThread "Java indexing"              daemon [_thread_blocked, id=5372, stack(0x000000b84ec00000,0x000000b84ed00000) (1024K)]
  0x00000292fc265700 JavaThread "Worker-4"                          [_thread_blocked, id=28424, stack(0x000000b84f000000,0x000000b84f100000) (1024K)]
  0x000002928034b280 JavaThread "Worker-5"                          [_thread_blocked, id=5112, stack(0x000000b84f100000,0x000000b84f200000) (1024K)]
  0x000002928034abf0 JavaThread "Thread-1"                   daemon [_thread_in_native, id=6288, stack(0x000000b84f200000,0x000000b84f300000) (1024K)]
  0x000002928034b910 JavaThread "Thread-2"                   daemon [_thread_in_native, id=30096, stack(0x000000b84f300000,0x000000b84f400000) (1024K)]
  0x000002928034c630 JavaThread "Thread-3"                   daemon [_thread_in_native, id=24260, stack(0x000000b84f400000,0x000000b84f500000) (1024K)]
  0x0000029280349ed0 JavaThread "Thread-4"                   daemon [_thread_in_native, id=11156, stack(0x000000b84f500000,0x000000b84f600000) (1024K)]
  0x0000029280349840 JavaThread "Thread-5"                   daemon [_thread_in_native, id=16604, stack(0x000000b84f600000,0x000000b84f700000) (1024K)]
  0x000002928034a560 JavaThread "Thread-6"                   daemon [_thread_in_native, id=27396, stack(0x000000b84f700000,0x000000b84f800000) (1024K)]
  0x000002928034ccc0 JavaThread "Thread-7"                   daemon [_thread_in_native, id=25696, stack(0x000000b84f800000,0x000000b84f900000) (1024K)]
  0x000002928034bfa0 JavaThread "Thread-8"                   daemon [_thread_in_native, id=27336, stack(0x000000b84f900000,0x000000b84fa00000) (1024K)]
  0x0000029280341870 JavaThread "Thread-9"                   daemon [_thread_in_native, id=29996, stack(0x000000b84fa00000,0x000000b84fb00000) (1024K)]
  0x00000292803411e0 JavaThread "Thread-10"                  daemon [_thread_in_native, id=18248, stack(0x000000b84fb00000,0x000000b84fc00000) (1024K)]
  0x000002928033fe30 JavaThread "Thread-11"                  daemon [_thread_in_native, id=29476, stack(0x000000b84fc00000,0x000000b84fd00000) (1024K)]
  0x0000029280341f00 JavaThread "Thread-12"                  daemon [_thread_in_native, id=15112, stack(0x000000b84fd00000,0x000000b84fe00000) (1024K)]
  0x000002928033f7a0 JavaThread "Thread-13"                  daemon [_thread_in_native, id=28576, stack(0x000000b84fe00000,0x000000b84ff00000) (1024K)]
  0x000002928033ea80 JavaThread "pool-2-thread-1"                   [_thread_blocked, id=24628, stack(0x000000b84ff00000,0x000000b850000000) (1024K)]
  0x0000029280342590 JavaThread "WorkspaceEventsHandler"            [_thread_blocked, id=27304, stack(0x000000b850000000,0x000000b850100000) (1024K)]
  0x00000292803404c0 JavaThread "pool-1-thread-1"                   [_thread_blocked, id=10524, stack(0x000000b850100000,0x000000b850200000) (1024K)]
  0x0000029280344cf0 JavaThread "PatternSearchJob-worker-1"  daemon [_thread_blocked, id=26976, stack(0x000000b84ef00000,0x000000b84f000000) (1024K)]
  0x0000029280345380 JavaThread "PatternSearchJob-worker-2"  daemon [_thread_blocked, id=12528, stack(0x000000b850200000,0x000000b850300000) (1024K)]
  0x0000029280345a10 JavaThread "PatternSearchJob-worker-3"  daemon [_thread_blocked, id=27076, stack(0x000000b850300000,0x000000b850400000) (1024K)]
  0x00000292803460a0 JavaThread "ForkJoinPool.commonPool-worker-1" daemon [_thread_blocked, id=22476, stack(0x000000b84c700000,0x000000b84c800000) (1024K)]
  0x0000029280343940 JavaThread "ForkJoinPool.commonPool-worker-2" daemon [_thread_blocked, id=30008, stack(0x000000b84eb00000,0x000000b84ec00000) (1024K)]
  0x0000029280343fd0 JavaThread "ForkJoinPool.commonPool-worker-3" daemon [_thread_blocked, id=10964, stack(0x000000b850400000,0x000000b850500000) (1024K)]
  0x00000292fe0d68e0 JavaThread "ForkJoinPool.commonPool-worker-4" daemon [_thread_blocked, id=23692, stack(0x000000b850500000,0x000000b850600000) (1024K)]
  0x00000292fe0d89b0 JavaThread "ForkJoinPool.commonPool-worker-5" daemon [_thread_blocked, id=25560, stack(0x000000b850600000,0x000000b850700000) (1024K)]
  0x00000292fe0d5bc0 JavaThread "ForkJoinPool.commonPool-worker-6" daemon [_thread_blocked, id=652, stack(0x000000b850700000,0x000000b850800000) (1024K)]
  0x00000292fe0d6250 JavaThread "ForkJoinPool.commonPool-worker-7" daemon [_thread_blocked, id=10636, stack(0x000000b850800000,0x000000b850900000) (1024K)]
  0x00000292fe0d8320 JavaThread "ForkJoinPool.commonPool-worker-8" daemon [_thread_blocked, id=13552, stack(0x000000b850900000,0x000000b850a00000) (1024K)]
  0x00000292fe0d9d60 JavaThread "Cleaner-0"                  daemon [_thread_blocked, id=13860, stack(0x000000b850b00000,0x000000b850c00000) (1024K)]
Total: 54

Other Threads:
  0x000002929d7219a0 VMThread "VM Thread"                           [id=21672, stack(0x000000b84cb00000,0x000000b84cc00000) (1024K)]
  0x000002929d50ca00 WatcherThread "VM Periodic Task Thread"        [id=12412, stack(0x000000b84ca00000,0x000000b84cb00000) (1024K)]
  0x000002929d69c610 WorkerThread "GC Thread#0"                     [id=13204, stack(0x000000b84c900000,0x000000b84ca00000) (1024K)]
  0x00000292f7a78180 WorkerThread "GC Thread#1"                     [id=2400, stack(0x000000b84d700000,0x000000b84d800000) (1024K)]
  0x00000292f7457b70 WorkerThread "GC Thread#2"                     [id=23520, stack(0x000000b84d800000,0x000000b84d900000) (1024K)]
  0x00000292f65f62f0 WorkerThread "GC Thread#3"                     [id=8904, stack(0x000000b84d900000,0x000000b84da00000) (1024K)]
  0x00000292f65f66a0 WorkerThread "GC Thread#4"                     [id=6556, stack(0x000000b84da00000,0x000000b84db00000) (1024K)]
  0x00000292f793bfd0 WorkerThread "GC Thread#5"                     [id=12084, stack(0x000000b84db00000,0x000000b84dc00000) (1024K)]
  0x00000292f793c380 WorkerThread "GC Thread#6"                     [id=29704, stack(0x000000b84dc00000,0x000000b84dd00000) (1024K)]
  0x00000292fc15c910 WorkerThread "GC Thread#7"                     [id=8140, stack(0x000000b84de00000,0x000000b84df00000) (1024K)]
  0x00000292fc22c2e0 WorkerThread "GC Thread#8"                     [id=7084, stack(0x000000b84e200000,0x000000b84e300000) (1024K)]
  0x00000292fc4c9290 WorkerThread "GC Thread#9"                     [id=16568, stack(0x000000b84e300000,0x000000b84e400000) (1024K)]
Total: 12

Threads with active compile tasks:
C2 CompilerThread0  79852 8842       4       org.eclipse.jdt.internal.compiler.parser.Parser::consumeRule (7843 bytes)
Total: 1

VM state: not at safepoint (normal execution)

VM Mutex/Monitor currently owned by a thread: None

Heap address: 0x0000000080000000, size: 2048 MB, Compressed Oops mode: 32-bit

CDS archive(s) mapped at: [0x00000292b4000000-0x00000292b4ba0000-0x00000292b4ba0000), size 12189696, SharedBaseAddress: 0x00000292b4000000, ArchiveRelocationMode: 1.
Compressed class space mapped at: 0x00000292b5000000-0x00000292f5000000, reserved size: 1073741824
Narrow klass base: 0x00000292b4000000, Narrow klass shift: 0, Narrow klass range: 0x100000000

GC Precious Log:
 CardTable entry size: 512
 CPUs: 12 total, 12 available
 Memory: 15773M
 Large Page Support: Disabled
 NUMA Support: Disabled
 Compressed Oops: Enabled (32-bit)
 Alignments: Space 512K, Generation 512K, Heap 2M
 Heap Min Capacity: 100M
 Heap Initial Capacity: 100M
 Heap Max Capacity: 2G
 Pre-touch: Disabled
 Parallel Workers: 10

Heap:
 PSYoungGen      total 28160K, used 14829K [0x00000000d5580000, 0x00000000d8500000, 0x0000000100000000)
  eden space 16896K, 21% used [0x00000000d5580000,0x00000000d58fb668,0x00000000d6600000)
  from space 11264K, 100% used [0x00000000d7a00000,0x00000000d8500000,0x00000000d8500000)
  to   space 13824K, 0% used [0x00000000d6a00000,0x00000000d6a00000,0x00000000d7780000)
 ParOldGen       total 137216K, used 136753K [0x0000000080000000, 0x0000000088600000, 0x00000000d5580000)
  object space 137216K, 99% used [0x0000000080000000,0x000000008858c4e0,0x0000000088600000)
 Metaspace       used 64355K, committed 65792K, reserved 1114112K
  class space    used 6851K, committed 7488K, reserved 1048576K

Card table byte_map: [0x000002929d020000,0x000002929d430000] _byte_map_base: 0x000002929cc20000

Marking Bits: (ParMarkBitMap*) 0x00007ff983834460
 Begin Bits: [0x00000292afb30000, 0x00000292b1b30000)
 End Bits:   [0x00000292b1b30000, 0x00000292b3b30000)

Polling page: 0x000002929b480000

Metaspace:

Usage:
  Non-class:     56.16 MB used.
      Class:      6.69 MB used.
       Both:     62.85 MB used.

Virtual space:
  Non-class space:       64.00 MB reserved,      56.94 MB ( 89%) committed,  1 nodes.
      Class space:        1.00 GB reserved,       7.31 MB ( <1%) committed,  1 nodes.
             Both:        1.06 GB reserved,      64.25 MB (  6%) committed. 

Chunk freelists:
   Non-Class:  6.65 MB
       Class:  8.72 MB
        Both:  15.37 MB

MaxMetaspaceSize: unlimited
CompressedClassSpaceSize: 1.00 GB
Initial GC threshold: 21.00 MB
Current GC threshold: 97.31 MB
CDS: on
 - commit_granule_bytes: 65536.
 - commit_granule_words: 8192.
 - virtual_space_node_default_size: 8388608.
 - enlarge_chunks_in_place: 1.
 - use_allocation_guard: 0.


Internal statistics:

num_allocs_failed_limit: 17.
num_arena_births: 1124.
num_arena_deaths: 34.
num_vsnodes_births: 2.
num_vsnodes_deaths: 0.
num_space_committed: 1028.
num_space_uncommitted: 0.
num_chunks_returned_to_freelist: 56.
num_chunks_taken_from_freelist: 4174.
num_chunk_merges: 24.
num_chunk_splits: 2527.
num_chunks_enlarged: 1396.
num_inconsistent_stats: 0.

CodeHeap 'non-profiled nmethods': size=120000Kb used=4388Kb max_used=4388Kb free=115611Kb
 bounds [0x00000292a8350000, 0x00000292a87a0000, 0x00000292af880000]
CodeHeap 'profiled nmethods': size=120000Kb used=18621Kb max_used=18621Kb free=101379Kb
 bounds [0x00000292a0880000, 0x00000292a1ab0000, 0x00000292a7db0000]
CodeHeap 'non-nmethods': size=5760Kb used=1442Kb max_used=1466Kb free=4317Kb
 bounds [0x00000292a7db0000, 0x00000292a8020000, 0x00000292a8350000]
CodeCache: size=245760Kb, used=24451Kb, max_used=24475Kb, free=221307Kb
 total_blobs=9270, nmethods=8508, adapters=668, full_count=0
Compilation: enabled, stopped_count=0, restarted_count=0

Compilation events (20 events):
Event: 76.697 Thread 0x000002929d73de70 9265       3       com.google.gson.internal.GsonTypes::getRawType (172 bytes)
Event: 76.699 Thread 0x000002929d73de70 nmethod 9265 0x00000292a1aaa590 code [0x00000292a1aaa960, 0x00000292a1aac318]
Event: 76.699 Thread 0x000002929d73de70 9264       3       com.google.gson.stream.JsonWriter::push (47 bytes)
Event: 76.700 Thread 0x000002929d73de70 nmethod 9264 0x00000292a1aac910 code [0x00000292a1aacac0, 0x00000292a1aacca0]
Event: 76.700 Thread 0x000002929d73de70 9263       2       com.google.gson.stream.JsonWriter::alwaysCreatesValidJsonNumber (61 bytes)
Event: 76.700 Thread 0x000002929d73de70 nmethod 9263 0x00000292a1aace10 code [0x00000292a1aacfc0, 0x00000292a1aad150]
Event: 76.700 Thread 0x000002929d73de70 9266       2       org.eclipse.lsp4j.jsonrpc.json.adapters.EnumTypeAdapter::write (10 bytes)
Event: 76.701 Thread 0x000002929d73de70 nmethod 9266 0x00000292a1aad210 code [0x00000292a1aad3e0, 0x00000292a1aad630]
Event: 76.701 Thread 0x000002929d73de70 9267       2       org.eclipse.lsp4j.jsonrpc.json.adapters.EnumTypeAdapter::write (35 bytes)
Event: 76.701 Thread 0x000002929d73de70 nmethod 9267 0x00000292a1aad810 code [0x00000292a1aad9e0, 0x00000292a1aadbf0]
Event: 76.704 Thread 0x000002929d73de70 9269       2       jdk.internal.misc.Unsafe::alignToHeapWordSize (29 bytes)
Event: 76.704 Thread 0x000002929d73de70 nmethod 9269 0x00000292a1aadd90 code [0x00000292a1aadf40, 0x00000292a1aae128]
Event: 76.704 Thread 0x000002929d73de70 9270       2       jdk.internal.misc.Unsafe::allocateMemoryChecks (6 bytes)
Event: 76.705 Thread 0x000002929d73de70 nmethod 9270 0x00000292a1aae210 code [0x00000292a1aae3c0, 0x00000292a1aae580]
Event: 76.705 Thread 0x000002929d73de70 9271       2       java.util.concurrent.locks.AbstractQueuedSynchronizer::acquireSharedInterruptibly (36 bytes)
Event: 76.706 Thread 0x000002929d73de70 nmethod 9271 0x00000292a1aae690 code [0x00000292a1aae860, 0x00000292a1aaeb40]
Event: 76.706 Thread 0x000002929d73de70 9272       2       java.util.concurrent.CountDownLatch::await (9 bytes)
Event: 76.706 Thread 0x000002929d73de70 nmethod 9272 0x00000292a1aaed10 code [0x00000292a1aaeec0, 0x00000292a1aaeff0]
Event: 76.706 Thread 0x000002929d73de70 9273       2       java.util.concurrent.locks.AbstractQueuedSynchronizer$ExclusiveNode::<init> (5 bytes)
Event: 76.707 Thread 0x000002929d73de70 nmethod 9273 0x00000292a1aaf090 code [0x00000292a1aaf220, 0x00000292a1aaf328]

GC Heap History (20 events):
Event: 62.921 GC heap before
{Heap before GC invocations=38 (full 3):
 PSYoungGen      total 20480K, used 20457K [0x00000000d5580000, 0x00000000d7600000, 0x0000000100000000)
  eden space 18944K, 100% used [0x00000000d5580000,0x00000000d6800000,0x00000000d6800000)
  from space 1536K, 98% used [0x00000000d6d80000,0x00000000d6efa520,0x00000000d6f00000)
  to   space 5632K, 0% used [0x00000000d6800000,0x00000000d6800000,0x00000000d6d80000)
 ParOldGen       total 68608K, used 45443K [0x0000000080000000, 0x0000000084300000, 0x00000000d5580000)
  object space 68608K, 66% used [0x0000000080000000,0x0000000082c60d68,0x0000000084300000)
 Metaspace       used 61209K, committed 62592K, reserved 1114112K
  class space    used 6557K, committed 7168K, reserved 1048576K
}
Event: 62.925 GC heap after
{Heap after GC invocations=38 (full 3):
 PSYoungGen      total 21504K, used 2299K [0x00000000d5580000, 0x00000000d6f00000, 0x0000000100000000)
  eden space 18944K, 0% used [0x00000000d5580000,0x00000000d5580000,0x00000000d6800000)
  from space 2560K, 89% used [0x00000000d6800000,0x00000000d6a3edd0,0x00000000d6a80000)
  to   space 3584K, 0% used [0x00000000d6b80000,0x00000000d6b80000,0x00000000d6f00000)
 ParOldGen       total 68608K, used 46758K [0x0000000080000000, 0x0000000084300000, 0x00000000d5580000)
  object space 68608K, 68% used [0x0000000080000000,0x0000000082da9a80,0x0000000084300000)
 Metaspace       used 61209K, committed 62592K, reserved 1114112K
  class space    used 6557K, committed 7168K, reserved 1048576K
}
Event: 63.221 GC heap before
{Heap before GC invocations=39 (full 3):
 PSYoungGen      total 21504K, used 21243K [0x00000000d5580000, 0x00000000d6f00000, 0x0000000100000000)
  eden space 18944K, 100% used [0x00000000d5580000,0x00000000d6800000,0x00000000d6800000)
  from space 2560K, 89% used [0x00000000d6800000,0x00000000d6a3edd0,0x00000000d6a80000)
  to   space 3584K, 0% used [0x00000000d6b80000,0x00000000d6b80000,0x00000000d6f00000)
 ParOldGen       total 68608K, used 46758K [0x0000000080000000, 0x0000000084300000, 0x00000000d5580000)
  object space 68608K, 68% used [0x0000000080000000,0x0000000082da9a80,0x0000000084300000)
 Metaspace       used 62298K, committed 63680K, reserved 1114112K
  class space    used 6667K, committed 7296K, reserved 1048576K
}
Event: 63.224 GC heap after
{Heap after GC invocations=39 (full 3):
 PSYoungGen      total 22528K, used 3137K [0x00000000d5580000, 0x00000000d6f00000, 0x0000000100000000)
  eden space 18944K, 0% used [0x00000000d5580000,0x00000000d5580000,0x00000000d6800000)
  from space 3584K, 87% used [0x00000000d6b80000,0x00000000d6e904f8,0x00000000d6f00000)
  to   space 3584K, 0% used [0x00000000d6800000,0x00000000d6800000,0x00000000d6b80000)
 ParOldGen       total 68608K, used 48251K [0x0000000080000000, 0x0000000084300000, 0x00000000d5580000)
  object space 68608K, 70% used [0x0000000080000000,0x0000000082f1edc0,0x0000000084300000)
 Metaspace       used 62298K, committed 63680K, reserved 1114112K
  class space    used 6667K, committed 7296K, reserved 1048576K
}
Event: 63.336 GC heap before
{Heap before GC invocations=40 (full 3):
 PSYoungGen      total 22528K, used 17670K [0x00000000d5580000, 0x00000000d6f00000, 0x0000000100000000)
  eden space 18944K, 76% used [0x00000000d5580000,0x00000000d63b1410,0x00000000d6800000)
  from space 3584K, 87% used [0x00000000d6b80000,0x00000000d6e904f8,0x00000000d6f00000)
  to   space 3584K, 0% used [0x00000000d6800000,0x00000000d6800000,0x00000000d6b80000)
 ParOldGen       total 68608K, used 48251K [0x0000000080000000, 0x0000000084300000, 0x00000000d5580000)
  object space 68608K, 70% used [0x0000000080000000,0x0000000082f1edc0,0x0000000084300000)
 Metaspace       used 62736K, committed 64064K, reserved 1114112K
  class space    used 6701K, committed 7296K, reserved 1048576K
}
Event: 63.341 GC heap after
{Heap after GC invocations=40 (full 3):
 PSYoungGen      total 21504K, used 2070K [0x00000000d5580000, 0x00000000d6d00000, 0x0000000100000000)
  eden space 18944K, 0% used [0x00000000d5580000,0x00000000d5580000,0x00000000d6800000)
  from space 2560K, 80% used [0x00000000d6800000,0x00000000d6a05858,0x00000000d6a80000)
  to   space 2560K, 0% used [0x00000000d6a80000,0x00000000d6a80000,0x00000000d6d00000)
 ParOldGen       total 68608K, used 57529K [0x0000000080000000, 0x0000000084300000, 0x00000000d5580000)
  object space 68608K, 83% used [0x0000000080000000,0x000000008382e5e0,0x0000000084300000)
 Metaspace       used 62736K, committed 64064K, reserved 1114112K
  class space    used 6701K, committed 7296K, reserved 1048576K
}
Event: 67.467 GC heap before
{Heap before GC invocations=41 (full 3):
 PSYoungGen      total 21504K, used 14801K [0x00000000d5580000, 0x00000000d6d00000, 0x0000000100000000)
  eden space 18944K, 67% used [0x00000000d5580000,0x00000000d61eee60,0x00000000d6800000)
  from space 2560K, 80% used [0x00000000d6800000,0x00000000d6a05858,0x00000000d6a80000)
  to   space 2560K, 0% used [0x00000000d6a80000,0x00000000d6a80000,0x00000000d6d00000)
 ParOldGen       total 68608K, used 57529K [0x0000000080000000, 0x0000000084300000, 0x00000000d5580000)
  object space 68608K, 83% used [0x0000000080000000,0x000000008382e5e0,0x0000000084300000)
 Metaspace       used 63065K, committed 64512K, reserved 1114112K
  class space    used 6730K, committed 7360K, reserved 1048576K
}
Event: 71.493 GC heap after
{Heap after GC invocations=41 (full 3):
 PSYoungGen      total 19968K, used 640K [0x00000000d5580000, 0x00000000d6b80000, 0x0000000100000000)
  eden space 18944K, 0% used [0x00000000d5580000,0x00000000d5580000,0x00000000d6800000)
  from space 1024K, 62% used [0x00000000d6a80000,0x00000000d6b20000,0x00000000d6b80000)
  to   space 1536K, 0% used [0x00000000d6880000,0x00000000d6880000,0x00000000d6a00000)
 ParOldGen       total 68608K, used 66799K [0x0000000080000000, 0x0000000084300000, 0x00000000d5580000)
  object space 68608K, 97% used [0x0000000080000000,0x000000008413bd80,0x0000000084300000)
 Metaspace       used 63065K, committed 64512K, reserved 1114112K
  class space    used 6730K, committed 7360K, reserved 1048576K
}
Event: 75.568 GC heap before
{Heap before GC invocations=42 (full 3):
 PSYoungGen      total 19968K, used 19584K [0x00000000d5580000, 0x00000000d6b80000, 0x0000000100000000)
  eden space 18944K, 100% used [0x00000000d5580000,0x00000000d6800000,0x00000000d6800000)
  from space 1024K, 62% used [0x00000000d6a80000,0x00000000d6b20000,0x00000000d6b80000)
  to   space 1536K, 0% used [0x00000000d6880000,0x00000000d6880000,0x00000000d6a00000)
 ParOldGen       total 68608K, used 66799K [0x0000000080000000, 0x0000000084300000, 0x00000000d5580000)
  object space 68608K, 97% used [0x0000000080000000,0x000000008413bd80,0x0000000084300000)
 Metaspace       used 63223K, committed 64640K, reserved 1114112K
  class space    used 6749K, committed 7360K, reserved 1048576K
}
Event: 76.174 GC heap after
{Heap after GC invocations=42 (full 3):
 PSYoungGen      total 20480K, used 448K [0x00000000d5580000, 0x00000000d6b00000, 0x0000000100000000)
  eden space 18944K, 0% used [0x00000000d5580000,0x00000000d5580000,0x00000000d6800000)
  from space 1536K, 29% used [0x00000000d6880000,0x00000000d68f0000,0x00000000d6a00000)
  to   space 1024K, 0% used [0x00000000d6a00000,0x00000000d6a00000,0x00000000d6b00000)
 ParOldGen       total 99328K, used 97815K [0x0000000080000000, 0x0000000086100000, 0x00000000d5580000)
  object space 99328K, 98% used [0x0000000080000000,0x0000000085f85da0,0x0000000086100000)
 Metaspace       used 63223K, committed 64640K, reserved 1114112K
  class space    used 6749K, committed 7360K, reserved 1048576K
}
Event: 76.240 GC heap before
{Heap before GC invocations=43 (full 3):
 PSYoungGen      total 20480K, used 19392K [0x00000000d5580000, 0x00000000d6b00000, 0x0000000100000000)
  eden space 18944K, 100% used [0x00000000d5580000,0x00000000d6800000,0x00000000d6800000)
  from space 1536K, 29% used [0x00000000d6880000,0x00000000d68f0000,0x00000000d6a00000)
  to   space 1024K, 0% used [0x00000000d6a00000,0x00000000d6a00000,0x00000000d6b00000)
 ParOldGen       total 110592K, used 108824K [0x0000000080000000, 0x0000000086c00000, 0x00000000d5580000)
  object space 110592K, 98% used [0x0000000080000000,0x0000000086a46340,0x0000000086c00000)
 Metaspace       used 63461K, committed 64896K, reserved 1114112K
  class space    used 6785K, committed 7424K, reserved 1048576K
}
Event: 76.244 GC heap after
{Heap after GC invocations=43 (full 3):
 PSYoungGen      total 17920K, used 1005K [0x00000000d5580000, 0x00000000d7000000, 0x0000000100000000)
  eden space 16896K, 0% used [0x00000000d5580000,0x00000000d5580000,0x00000000d6600000)
  from space 1024K, 98% used [0x00000000d6a00000,0x00000000d6afb7c0,0x00000000d6b00000)
  to   space 4096K, 0% used [0x00000000d6600000,0x00000000d6600000,0x00000000d6a00000)
 ParOldGen       total 111616K, used 111236K [0x0000000080000000, 0x0000000086d00000, 0x00000000d5580000)
  object space 111616K, 99% used [0x0000000080000000,0x0000000086ca12b8,0x0000000086d00000)
 Metaspace       used 63461K, committed 64896K, reserved 1114112K
  class space    used 6785K, committed 7424K, reserved 1048576K
}
Event: 76.332 GC heap before
{Heap before GC invocations=44 (full 3):
 PSYoungGen      total 17920K, used 17898K [0x00000000d5580000, 0x00000000d7000000, 0x0000000100000000)
  eden space 16896K, 99% used [0x00000000d5580000,0x00000000d65ff308,0x00000000d6600000)
  from space 1024K, 98% used [0x00000000d6a00000,0x00000000d6afb7c0,0x00000000d6b00000)
  to   space 4096K, 0% used [0x00000000d6600000,0x00000000d6600000,0x00000000d6a00000)
 ParOldGen       total 111616K, used 111236K [0x0000000080000000, 0x0000000086d00000, 0x00000000d5580000)
  object space 111616K, 99% used [0x0000000080000000,0x0000000086ca12b8,0x0000000086d00000)
 Metaspace       used 63721K, committed 65152K, reserved 1114112K
  class space    used 6809K, committed 7424K, reserved 1048576K
}
Event: 76.338 GC heap after
{Heap after GC invocations=44 (full 3):
 PSYoungGen      total 20992K, used 4071K [0x00000000d5580000, 0x00000000d7600000, 0x0000000100000000)
  eden space 16896K, 0% used [0x00000000d5580000,0x00000000d5580000,0x00000000d6600000)
  from space 4096K, 99% used [0x00000000d6600000,0x00000000d69f9f00,0x00000000d6a00000)
  to   space 8192K, 0% used [0x00000000d6e00000,0x00000000d6e00000,0x00000000d7600000)
 ParOldGen       total 114688K, used 114300K [0x0000000080000000, 0x0000000087000000, 0x00000000d5580000)
  object space 114688K, 99% used [0x0000000080000000,0x0000000086f9f2b8,0x0000000087000000)
 Metaspace       used 63721K, committed 65152K, reserved 1114112K
  class space    used 6809K, committed 7424K, reserved 1048576K
}
Event: 76.439 GC heap before
{Heap before GC invocations=45 (full 3):
 PSYoungGen      total 20992K, used 20967K [0x00000000d5580000, 0x00000000d7600000, 0x0000000100000000)
  eden space 16896K, 100% used [0x00000000d5580000,0x00000000d6600000,0x00000000d6600000)
  from space 4096K, 99% used [0x00000000d6600000,0x00000000d69f9f00,0x00000000d6a00000)
  to   space 8192K, 0% used [0x00000000d6e00000,0x00000000d6e00000,0x00000000d7600000)
 ParOldGen       total 114688K, used 114300K [0x0000000080000000, 0x0000000087000000, 0x00000000d5580000)
  object space 114688K, 99% used [0x0000000080000000,0x0000000086f9f2b8,0x0000000087000000)
 Metaspace       used 64130K, committed 65600K, reserved 1114112K
  class space    used 6842K, committed 7488K, reserved 1048576K
}
Event: 76.448 GC heap after
{Heap after GC invocations=45 (full 3):
 PSYoungGen      total 25088K, used 7744K [0x00000000d5580000, 0x00000000d7600000, 0x0000000100000000)
  eden space 16896K, 0% used [0x00000000d5580000,0x00000000d5580000,0x00000000d6600000)
  from space 8192K, 94% used [0x00000000d6e00000,0x00000000d7590000,0x00000000d7600000)
  to   space 8192K, 0% used [0x00000000d6600000,0x00000000d6600000,0x00000000d6e00000)
 ParOldGen       total 118784K, used 118332K [0x0000000080000000, 0x0000000087400000, 0x00000000d5580000)
  object space 118784K, 99% used [0x0000000080000000,0x000000008738f1b8,0x0000000087400000)
 Metaspace       used 64130K, committed 65600K, reserved 1114112K
  class space    used 6842K, committed 7488K, reserved 1048576K
}
Event: 76.521 GC heap before
{Heap before GC invocations=46 (full 3):
 PSYoungGen      total 25088K, used 24640K [0x00000000d5580000, 0x00000000d7600000, 0x0000000100000000)
  eden space 16896K, 100% used [0x00000000d5580000,0x00000000d6600000,0x00000000d6600000)
  from space 8192K, 94% used [0x00000000d6e00000,0x00000000d7590000,0x00000000d7600000)
  to   space 8192K, 0% used [0x00000000d6600000,0x00000000d6600000,0x00000000d6e00000)
 ParOldGen       total 118784K, used 118332K [0x0000000080000000, 0x0000000087400000, 0x00000000d5580000)
  object space 118784K, 99% used [0x0000000080000000,0x000000008738f1b8,0x0000000087400000)
 Metaspace       used 64210K, committed 65664K, reserved 1114112K
  class space    used 6843K, committed 7488K, reserved 1048576K
}
Event: 76.535 GC heap after
{Heap after GC invocations=46 (full 3):
 PSYoungGen      total 25088K, used 8192K [0x00000000d5580000, 0x00000000d8e00000, 0x0000000100000000)
  eden space 16896K, 0% used [0x00000000d5580000,0x00000000d5580000,0x00000000d6600000)
  from space 8192K, 100% used [0x00000000d6600000,0x00000000d6e00000,0x00000000d6e00000)
  to   space 20480K, 0% used [0x00000000d7a00000,0x00000000d7a00000,0x00000000d8e00000)
 ParOldGen       total 129024K, used 128537K [0x0000000080000000, 0x0000000087e00000, 0x00000000d5580000)
  object space 129024K, 99% used [0x0000000080000000,0x0000000087d864e0,0x0000000087e00000)
 Metaspace       used 64210K, committed 65664K, reserved 1114112K
  class space    used 6843K, committed 7488K, reserved 1048576K
}
Event: 76.601 GC heap before
{Heap before GC invocations=47 (full 3):
 PSYoungGen      total 25088K, used 25088K [0x00000000d5580000, 0x00000000d8e00000, 0x0000000100000000)
  eden space 16896K, 100% used [0x00000000d5580000,0x00000000d6600000,0x00000000d6600000)
  from space 8192K, 100% used [0x00000000d6600000,0x00000000d6e00000,0x00000000d6e00000)
  to   space 20480K, 0% used [0x00000000d7a00000,0x00000000d7a00000,0x00000000d8e00000)
 ParOldGen       total 129024K, used 128537K [0x0000000080000000, 0x0000000087e00000, 0x00000000d5580000)
  object space 129024K, 99% used [0x0000000080000000,0x0000000087d864e0,0x0000000087e00000)
 Metaspace       used 64273K, committed 65792K, reserved 1114112K
  class space    used 6843K, committed 7488K, reserved 1048576K
}
Event: 76.622 GC heap after
{Heap after GC invocations=47 (full 3):
 PSYoungGen      total 28160K, used 11264K [0x00000000d5580000, 0x00000000d8500000, 0x0000000100000000)
  eden space 16896K, 0% used [0x00000000d5580000,0x00000000d5580000,0x00000000d6600000)
  from space 11264K, 100% used [0x00000000d7a00000,0x00000000d8500000,0x00000000d8500000)
  to   space 13824K, 0% used [0x00000000d6a00000,0x00000000d6a00000,0x00000000d7780000)
 ParOldGen       total 137216K, used 136753K [0x0000000080000000, 0x0000000088600000, 0x00000000d5580000)
  object space 137216K, 99% used [0x0000000080000000,0x000000008858c4e0,0x0000000088600000)
 Metaspace       used 64273K, committed 65792K, reserved 1114112K
  class space    used 6843K, committed 7488K, reserved 1048576K
}

Dll operation events (11 events):
Event: 0.029 Loaded shared library c:\Users\Rishab Raj\.vscode\extensions\redhat.java-1.55.0-win32-x64\jre\21.0.11-win32-x86_64\bin\java.dll
Event: 0.186 Loaded shared library c:\Users\Rishab Raj\.vscode\extensions\redhat.java-1.55.0-win32-x64\jre\21.0.11-win32-x86_64\bin\zip.dll
Event: 0.240 Loaded shared library C:\Users\Rishab Raj\.vscode\extensions\redhat.java-1.55.0-win32-x64\jre\21.0.11-win32-x86_64\bin\instrument.dll
Event: 0.252 Loaded shared library C:\Users\Rishab Raj\.vscode\extensions\redhat.java-1.55.0-win32-x64\jre\21.0.11-win32-x86_64\bin\net.dll
Event: 0.255 Loaded shared library C:\Users\Rishab Raj\.vscode\extensions\redhat.java-1.55.0-win32-x64\jre\21.0.11-win32-x86_64\bin\nio.dll
Event: 0.263 Loaded shared library C:\Users\Rishab Raj\.vscode\extensions\redhat.java-1.55.0-win32-x64\jre\21.0.11-win32-x86_64\bin\zip.dll
Event: 0.303 Loaded shared library C:\Users\Rishab Raj\.vscode\extensions\redhat.java-1.55.0-win32-x64\jre\21.0.11-win32-x86_64\bin\jimage.dll
Event: 0.448 Loaded shared library c:\Users\Rishab Raj\.vscode\extensions\redhat.java-1.55.0-win32-x64\jre\21.0.11-win32-x86_64\bin\verify.dll
Event: 25.194 Loaded shared library C:\Users\Rishab Raj\AppData\Roaming\Code\User\globalStorage\redhat.java\1.55.0\config_win\org.eclipse.equinox.launcher\org.eclipse.equinox.launcher.win32.win32.x86_64_1.3.100.v20260613-0559\eclipse_11924.dll
Event: 40.634 Loaded shared library C:\Users\Rishab Raj\AppData\Local\Temp\jna--498999960\jna3416613038902370352.dll
Event: 63.012 Loaded shared library C:\Users\Rishab Raj\.vscode\extensions\redhat.java-1.55.0-win32-x64\jre\21.0.11-win32-x86_64\bin\sunmscapi.dll

Deoptimization events (20 events):
Event: 76.409 Thread 0x00000292fc265d90 DEOPT PACKING pc=0x00000292a864b5b0 sp=0x000000b84e7fe140
Event: 76.409 Thread 0x00000292fc265d90 DEOPT UNPACKING pc=0x00000292a7e03aa2 sp=0x000000b84e7fdf98 mode 2
Event: 76.454 Thread 0x0000029280343940 DEOPT PACKING pc=0x00000292a1916d29 sp=0x000000b84ebfe0c0
Event: 76.454 Thread 0x0000029280343940 DEOPT UNPACKING pc=0x00000292a7e04242 sp=0x000000b84ebfd558 mode 0
Event: 76.459 Thread 0x00000292fc265d90 Uncommon trap: trap_request=0xffffff3d fr.pc=0x00000292a8413588 relative=0x00000000000001e8
Event: 76.459 Thread 0x00000292fc265d90 Uncommon trap: reason=unstable_fused_if action=reinterpret pc=0x00000292a8413588 method=java.lang.CharacterDataLatin1.equalsIgnoreCase(BB)Z @ 16 c2
Event: 76.459 Thread 0x00000292fc265d90 DEOPT PACKING pc=0x00000292a8413588 sp=0x000000b84e7fe0a0
Event: 76.459 Thread 0x00000292fc265d90 DEOPT UNPACKING pc=0x00000292a7e03aa2 sp=0x000000b84e7fdfa8 mode 2
Event: 76.459 Thread 0x00000292fc265d90 Uncommon trap: trap_request=0xffffff3d fr.pc=0x00000292a840f588 relative=0x0000000000000068
Event: 76.459 Thread 0x00000292fc265d90 Uncommon trap: reason=unstable_fused_if action=reinterpret pc=0x00000292a840f588 method=java.lang.CharacterDataLatin1.equalsIgnoreCase(BB)Z @ 16 c2
Event: 76.459 Thread 0x00000292fc265d90 DEOPT PACKING pc=0x00000292a840f588 sp=0x000000b84e7fe010
Event: 76.460 Thread 0x00000292fc265d90 DEOPT UNPACKING pc=0x00000292a7e03aa2 sp=0x000000b84e7fdfa0 mode 2
Event: 76.465 Thread 0x0000029280343940 Uncommon trap: trap_request=0xffffffdc fr.pc=0x00000292a878e36c relative=0x00000000000002ac
Event: 76.465 Thread 0x0000029280343940 Uncommon trap: reason=class_check action=make_not_entrant pc=0x00000292a878e36c method=java.util.ArrayList.toArray([Ljava/lang/Object;)[Ljava/lang/Object; @ 21 c2
Event: 76.465 Thread 0x0000029280343940 DEOPT PACKING pc=0x00000292a878e36c sp=0x000000b84ebfdf00
Event: 76.465 Thread 0x0000029280343940 DEOPT UNPACKING pc=0x00000292a7e03aa2 sp=0x000000b84ebfdec0 mode 2
Event: 76.503 Thread 0x00000292fc265d90 DEOPT PACKING pc=0x00000292a11ac7db sp=0x000000b84e7fe270
Event: 76.503 Thread 0x00000292fc265d90 DEOPT UNPACKING pc=0x00000292a7e04242 sp=0x000000b84e7fd6f8 mode 0
Event: 76.554 Thread 0x0000029280343940 DEOPT PACKING pc=0x00000292a19455dd sp=0x000000b84ebfe040
Event: 76.554 Thread 0x0000029280343940 DEOPT UNPACKING pc=0x00000292a7e04242 sp=0x000000b84ebfd5a8 mode 0

Classes loaded (20 events):
Event: 63.200 Loading class com/sun/crypto/provider/SymmetricCipher done
Event: 63.200 Loading class com/sun/crypto/provider/AESCrypt done
Event: 63.200 Loading class com/sun/crypto/provider/ElectronicCodeBook
Event: 63.203 Loading class com/sun/crypto/provider/FeedbackCipher
Event: 63.203 Loading class com/sun/crypto/provider/FeedbackCipher done
Event: 63.203 Loading class com/sun/crypto/provider/ElectronicCodeBook done
Event: 63.204 Loading class com/sun/crypto/provider/PKCS5Padding
Event: 63.204 Loading class com/sun/crypto/provider/Padding
Event: 63.204 Loading class com/sun/crypto/provider/Padding done
Event: 63.204 Loading class com/sun/crypto/provider/PKCS5Padding done
Event: 63.205 Loading class com/sun/crypto/provider/CipherBlockChaining
Event: 63.205 Loading class com/sun/crypto/provider/CipherBlockChaining done
Event: 63.205 Loading class javax/crypto/NullCipher
Event: 63.206 Loading class javax/crypto/NullCipher done
Event: 63.206 Loading class sun/security/util/ArrayUtil
Event: 63.206 Loading class sun/security/util/ArrayUtil done
Event: 63.303 Loading class java/util/zip/CheckedInputStream
Event: 63.304 Loading class java/util/zip/CheckedInputStream done
Event: 71.524 Loading class java/util/zip/GZIPInputStream$1
Event: 71.524 Loading class java/util/zip/GZIPInputStream$1 done

Classes unloaded (17 events):
Event: 42.200 Thread 0x000002929d7219a0 Unloading class 0x00000292b51a9400 'java/lang/invoke/LambdaForm$MH+0x00000292b51a9400'
Event: 42.200 Thread 0x000002929d7219a0 Unloading class 0x00000292b51a9000 'java/lang/invoke/LambdaForm$MH+0x00000292b51a9000'
Event: 42.200 Thread 0x000002929d7219a0 Unloading class 0x00000292b51a8c00 'java/lang/invoke/LambdaForm$MH+0x00000292b51a8c00'
Event: 42.200 Thread 0x000002929d7219a0 Unloading class 0x00000292b51a8800 'java/lang/invoke/LambdaForm$MH+0x00000292b51a8800'
Event: 42.200 Thread 0x000002929d7219a0 Unloading class 0x00000292b51a8400 'java/lang/invoke/LambdaForm$BMH+0x00000292b51a8400'
Event: 42.200 Thread 0x000002929d7219a0 Unloading class 0x00000292b51a8000 'java/lang/invoke/LambdaForm$DMH+0x00000292b51a8000'
Event: 42.200 Thread 0x000002929d7219a0 Unloading class 0x00000292b51a6c00 'java/lang/invoke/LambdaForm$DMH+0x00000292b51a6c00'
Event: 45.904 Thread 0x000002929d7219a0 Unloading class 0x00000292b52ca000 'java/lang/invoke/LambdaForm$MH+0x00000292b52ca000'
Event: 45.904 Thread 0x000002929d7219a0 Unloading class 0x00000292b52c9800 'java/lang/invoke/LambdaForm$MH+0x00000292b52c9800'
Event: 45.904 Thread 0x000002929d7219a0 Unloading class 0x00000292b52c9000 'java/lang/invoke/LambdaForm$MH+0x00000292b52c9000'
Event: 45.904 Thread 0x000002929d7219a0 Unloading class 0x00000292b52c8c00 'java/lang/invoke/LambdaForm$DMH+0x00000292b52c8c00'
Event: 45.904 Thread 0x000002929d7219a0 Unloading class 0x00000292b52c4800 'java/lang/invoke/LambdaForm$MH+0x00000292b52c4800'
Event: 45.904 Thread 0x000002929d7219a0 Unloading class 0x00000292b52c4000 'java/lang/invoke/LambdaForm$MH+0x00000292b52c4000'
Event: 45.904 Thread 0x000002929d7219a0 Unloading class 0x00000292b52c3800 'java/lang/invoke/LambdaForm$MH+0x00000292b52c3800'
Event: 45.904 Thread 0x000002929d7219a0 Unloading class 0x00000292b52c3400 'java/lang/invoke/LambdaForm$MH+0x00000292b52c3400'
Event: 45.904 Thread 0x000002929d7219a0 Unloading class 0x00000292b52c2c00 'java/lang/invoke/LambdaForm$MH+0x00000292b52c2c00'
Event: 45.904 Thread 0x000002929d7219a0 Unloading class 0x00000292b52c2000 'java/lang/invoke/LambdaForm$MH+0x00000292b52c2000'

Classes redefined (0 events):
No events

Internal exceptions (20 events):
Event: 61.701 Thread 0x00000292fe0d89b0 Exception <a 'sun/nio/fs/WindowsException'{0x00000000d66c7b08}> (0x00000000d66c7b08) 
thrown [s\src\hotspot\share\prims\jni.cpp, line 520]
Event: 61.701 Thread 0x00000292fe0d89b0 Exception <a 'sun/nio/fs/WindowsException'{0x00000000d66c83e8}> (0x00000000d66c83e8) 
thrown [s\src\hotspot\share\prims\jni.cpp, line 520]
Event: 61.703 Thread 0x0000029280343940 Exception <a 'java/lang/NoSuchMethodError'{0x00000000d66a73e8}: 'java.lang.Object java.lang.invoke.DirectMethodHandle$Holder.invokeStaticInit(java.lang.Object, java.lang.Object, java.lang.Object)'> (0x00000000d66a73e8) 
thrown [s\src\hotspot\share\interpreter\linkResolver.cpp, line 773]
Event: 61.705 Thread 0x00000292fe0d89b0 Exception <a 'sun/nio/fs/WindowsException'{0x00000000d66c9a08}> (0x00000000d66c9a08) 
thrown [s\src\hotspot\share\prims\jni.cpp, line 520]
Event: 61.705 Thread 0x00000292fe0d89b0 Exception <a 'sun/nio/fs/WindowsException'{0x00000000d66ca2e8}> (0x00000000d66ca2e8) 
thrown [s\src\hotspot\share\prims\jni.cpp, line 520]
Event: 61.706 Thread 0x00000292fe0d89b0 Exception <a 'sun/nio/fs/WindowsException'{0x00000000d66cb1d8}> (0x00000000d66cb1d8) 
thrown [s\src\hotspot\share\prims\jni.cpp, line 520]
Event: 61.706 Thread 0x00000292fe0d89b0 Exception <a 'sun/nio/fs/WindowsException'{0x00000000d66cb808}> (0x00000000d66cb808) 
thrown [s\src\hotspot\share\prims\jni.cpp, line 520]
Event: 61.712 Thread 0x00000292fc265070 Exception <a 'sun/nio/fs/WindowsException'{0x00000000d67220a8}> (0x00000000d67220a8) 
thrown [s\src\hotspot\share\prims\jni.cpp, line 520]
Event: 61.712 Thread 0x00000292fc265070 Exception <a 'sun/nio/fs/WindowsException'{0x00000000d67226d8}> (0x00000000d67226d8) 
thrown [s\src\hotspot\share\prims\jni.cpp, line 520]
Event: 62.801 Thread 0x000002928034b280 Exception <a 'java/io/FileNotFoundException'{0x00000000d5a54f80}> (0x00000000d5a54f80) 
thrown [s\src\hotspot\share\prims\jni.cpp, line 520]
Event: 62.801 Thread 0x000002928034b280 Exception <a 'java/io/FileNotFoundException'{0x00000000d5a55fb8}> (0x00000000d5a55fb8) 
thrown [s\src\hotspot\share\prims\jni.cpp, line 520]
Event: 62.802 Thread 0x000002928034b280 Exception <a 'java/io/FileNotFoundException'{0x00000000d5a56d50}> (0x00000000d5a56d50) 
thrown [s\src\hotspot\share\prims\jni.cpp, line 520]
Event: 62.881 Thread 0x00000292fc265070 Exception <a 'java/lang/NoSuchMethodError'{0x00000000d63df138}: 'java.lang.Object java.lang.invoke.DirectMethodHandle$Holder.invokeStatic(java.lang.Object, java.lang.Object, int, java.lang.Object)'> (0x00000000d63df138) 
thrown [s\src\hotspot\share\interpreter\linkResolver.cpp, line 773]
Event: 62.884 Thread 0x00000292fc265070 Exception <a 'java/lang/NoSuchMethodError'{0x00000000d642cbe8}: 'java.lang.Object java.lang.invoke.DirectMethodHandle$Holder.newInvokeSpecial(java.lang.Object, java.lang.Object, int)'> (0x00000000d642cbe8) 
thrown [s\src\hotspot\share\interpreter\linkResolver.cpp, line 773]
Event: 63.046 Thread 0x00000292fe0da3f0 Exception <a 'sun/nio/fs/WindowsException'{0x00000000d5ea6b00}> (0x00000000d5ea6b00) 
thrown [s\src\hotspot\share\prims\jni.cpp, line 520]
Event: 76.422 Thread 0x00000292fc265d90 Exception <a 'sun/nio/fs/WindowsException'{0x00000000d63f5ac0}> (0x00000000d63f5ac0) 
thrown [s\src\hotspot\share\prims\jni.cpp, line 520]
Event: 76.433 Thread 0x00000292fc265d90 Exception <a 'sun/nio/fs/WindowsException'{0x00000000d65797e8}> (0x00000000d65797e8) 
thrown [s\src\hotspot\share\prims\jni.cpp, line 520]
Event: 76.462 Thread 0x00000292fc265d90 Exception <a 'sun/nio/fs/WindowsException'{0x00000000d5930720}> (0x00000000d5930720) 
thrown [s\src\hotspot\share\prims\jni.cpp, line 520]
Event: 76.473 Thread 0x00000292fc265d90 Exception <a 'sun/nio/fs/WindowsException'{0x00000000d5ba77c8}> (0x00000000d5ba77c8) 
thrown [s\src\hotspot\share\prims\jni.cpp, line 520]
Event: 76.489 Thread 0x00000292fc265d90 Exception <a 'sun/nio/fs/WindowsException'{0x00000000d5f410f8}> (0x00000000d5f410f8) 
thrown [s\src\hotspot\share\prims\jni.cpp, line 520]

ZGC Phase Switch (0 events):
No events

VM Operations (20 events):
Event: 73.506 Executing safepoint VM operation: Cleanup
Event: 75.568 Executing safepoint VM operation: Cleanup done
Event: 75.568 Executing safepoint VM operation: ParallelGCFailedAllocation (Allocation Failure)
Event: 76.174 Executing safepoint VM operation: ParallelGCFailedAllocation (Allocation Failure) done
Event: 76.216 Executing non-safepoint VM operation: HandshakeAllThreads (Deoptimize)
Event: 76.216 Executing non-safepoint VM operation: HandshakeAllThreads (Deoptimize) done
Event: 76.231 Executing non-safepoint VM operation: HandshakeAllThreads (Deoptimize)
Event: 76.232 Executing non-safepoint VM operation: HandshakeAllThreads (Deoptimize) done
Event: 76.240 Executing safepoint VM operation: ParallelGCFailedAllocation (Allocation Failure)
Event: 76.244 Executing safepoint VM operation: ParallelGCFailedAllocation (Allocation Failure) done
Event: 76.332 Executing safepoint VM operation: ParallelGCFailedAllocation (Allocation Failure)
Event: 76.338 Executing safepoint VM operation: ParallelGCFailedAllocation (Allocation Failure) done
Event: 76.439 Executing safepoint VM operation: ParallelGCFailedAllocation (Allocation Failure)
Event: 76.448 Executing safepoint VM operation: ParallelGCFailedAllocation (Allocation Failure) done
Event: 76.521 Executing safepoint VM operation: ParallelGCFailedAllocation (Allocation Failure)
Event: 76.535 Executing safepoint VM operation: ParallelGCFailedAllocation (Allocation Failure) done
Event: 76.601 Executing safepoint VM operation: ParallelGCFailedAllocation (Allocation Failure)
Event: 76.622 Executing safepoint VM operation: ParallelGCFailedAllocation (Allocation Failure) done
Event: 77.625 Executing safepoint VM operation: Cleanup
Event: 77.625 Executing safepoint VM operation: Cleanup done

Memory protections (0 events):
No events

Nmethod flushes (20 events):
Event: 61.446 Thread 0x000002929d7219a0 flushing  nmethod 0x00000292a1142990
Event: 61.446 Thread 0x000002929d7219a0 flushing  nmethod 0x00000292a114e610
Event: 61.446 Thread 0x000002929d7219a0 flushing  nmethod 0x00000292a115ef90
Event: 61.446 Thread 0x000002929d7219a0 flushing  nmethod 0x00000292a1162c10
Event: 61.446 Thread 0x000002929d7219a0 flushing  nmethod 0x00000292a1166110
Event: 61.446 Thread 0x000002929d7219a0 flushing  nmethod 0x00000292a1166e10
Event: 61.446 Thread 0x000002929d7219a0 flushing  nmethod 0x00000292a1167390
Event: 61.446 Thread 0x000002929d7219a0 flushing  nmethod 0x00000292a116a890
Event: 61.446 Thread 0x000002929d7219a0 flushing  nmethod 0x00000292a116b790
Event: 61.446 Thread 0x000002929d7219a0 flushing  nmethod 0x00000292a1175810
Event: 61.446 Thread 0x000002929d7219a0 flushing  nmethod 0x00000292a11bfe10
Event: 61.446 Thread 0x000002929d7219a0 flushing  nmethod 0x00000292a11c3610
Event: 61.446 Thread 0x000002929d7219a0 flushing  nmethod 0x00000292a11c7f10
Event: 61.446 Thread 0x000002929d7219a0 flushing  nmethod 0x00000292a11c9310
Event: 61.446 Thread 0x000002929d7219a0 flushing  nmethod 0x00000292a11c9b90
Event: 61.446 Thread 0x000002929d7219a0 flushing  nmethod 0x00000292a11ca290
Event: 61.446 Thread 0x000002929d7219a0 flushing  nmethod 0x00000292a11cb310
Event: 61.446 Thread 0x000002929d7219a0 flushing  nmethod 0x00000292a11cdd10
Event: 61.446 Thread 0x000002929d7219a0 flushing  nmethod 0x00000292a11f3010
Event: 61.446 Thread 0x000002929d7219a0 flushing  nmethod 0x00000292a11f4790

Events (20 events):
Event: 48.687 Thread 0x00000292f65bc330 Thread exited: 0x00000292f65bc330
Event: 49.152 Thread 0x00000292f65bf2e0 Thread exited: 0x00000292f65bf2e0
Event: 49.719 Thread 0x000002929d73de70 Thread added: 0x00000292f65bd7a0
Event: 50.792 Thread 0x00000292fc265070 Thread added: 0x0000029280344cf0
Event: 50.794 Thread 0x0000029280344cf0 Thread added: 0x0000029280345380
Event: 50.795 Thread 0x0000029280345380 Thread added: 0x0000029280345a10
Event: 51.325 Thread 0x00000292f65bd7a0 Thread exited: 0x00000292f65bd7a0
Event: 51.977 Thread 0x00000292fc267140 Thread added: 0x00000292803460a0
Event: 59.864 Thread 0x00000292803460a0 Thread exited: 0x00000292803460a0
Event: 61.332 Thread 0x00000292803404c0 Thread added: 0x00000292803460a0
Event: 61.333 Thread 0x00000292803404c0 Thread added: 0x0000029280343940
Event: 61.336 Thread 0x00000292803404c0 Thread added: 0x0000029280343fd0
Event: 61.337 Thread 0x0000029280343fd0 Thread added: 0x00000292fe0d68e0
Event: 61.337 Thread 0x00000292fe0d68e0 Thread added: 0x00000292fe0d89b0
Event: 61.338 Thread 0x00000292fe0d89b0 Thread added: 0x00000292fe0d5bc0
Event: 61.339 Thread 0x00000292fe0d5bc0 Thread added: 0x00000292fe0d6250
Event: 61.346 Thread 0x00000292803404c0 Thread added: 0x00000292fe0d8320
Event: 61.678 Thread 0x00000292fe0d6250 Thread added: 0x00000292fe0da3f0
Event: 63.135 Thread 0x00000292fe0d5bc0 Thread added: 0x00000292fe0d9d60
Event: 76.625 Thread 0x00000292fe0da3f0 Thread exited: 0x00000292fe0da3f0


Dynamic libraries:
0x00007ff6eb950000 - 0x00007ff6eb95e000 	c:\Users\Rishab Raj\.vscode\extensions\redhat.java-1.55.0-win32-x64\jre\21.0.11-win32-x86_64\bin\java.exe
0x00007ffa4d260000 - 0x00007ffa4d4c6000 	C:\WINDOWS\SYSTEM32\ntdll.dll
0x00007ffa4c620000 - 0x00007ffa4c6e9000 	C:\WINDOWS\System32\KERNEL32.DLL
0x00007ffa4a470000 - 0x00007ffa4a86f000 	C:\WINDOWS\System32\KERNELBASE.dll
0x00007ffa4a9d0000 - 0x00007ffa4ab1c000 	C:\WINDOWS\System32\ucrtbase.dll
0x00007ffa40d20000 - 0x00007ffa40d38000 	c:\Users\Rishab Raj\.vscode\extensions\redhat.java-1.55.0-win32-x64\jre\21.0.11-win32-x86_64\bin\jli.dll
0x00007ffa38a50000 - 0x00007ffa38a6e000 	c:\Users\Rishab Raj\.vscode\extensions\redhat.java-1.55.0-win32-x64\jre\21.0.11-win32-x86_64\bin\VCRUNTIME140.dll
0x00007ffa4b8a0000 - 0x00007ffa4ba66000 	C:\WINDOWS\System32\USER32.dll
0x00007ffa34280000 - 0x00007ffa34511000 	C:\WINDOWS\WinSxS\amd64_microsoft.windows.common-controls_6595b64144ccf1df_6.0.26100.8972_none_3e0da176e32f9d4b\COMCTL32.dll
0x00007ffa4abf0000 - 0x00007ffa4ac17000 	C:\WINDOWS\System32\win32u.dll
0x00007ffa4aff0000 - 0x00007ffa4b099000 	C:\WINDOWS\System32\msvcrt.dll
0x00007ffa4b870000 - 0x00007ffa4b89b000 	C:\WINDOWS\System32\GDI32.dll
0x00007ffa4adb0000 - 0x00007ffa4aed9000 	C:\WINDOWS\System32\gdi32full.dll
0x00007ffa4aee0000 - 0x00007ffa4af83000 	C:\WINDOWS\System32\msvcp_win.dll
0x00007ffa4b830000 - 0x00007ffa4b862000 	C:\WINDOWS\System32\IMM32.DLL
0x00007ffa421d0000 - 0x00007ffa421dc000 	c:\Users\Rishab Raj\.vscode\extensions\redhat.java-1.55.0-win32-x64\jre\21.0.11-win32-x86_64\bin\vcruntime140_1.dll
0x00007ffa29d60000 - 0x00007ffa29ded000 	c:\Users\Rishab Raj\.vscode\extensions\redhat.java-1.55.0-win32-x64\jre\21.0.11-win32-x86_64\bin\msvcp140.dll
0x00007ff982b70000 - 0x00007ff983912000 	c:\Users\Rishab Raj\.vscode\extensions\redhat.java-1.55.0-win32-x64\jre\21.0.11-win32-x86_64\bin\server\jvm.dll
0x00007ffa4d0e0000 - 0x00007ffa4d19c000 	C:\WINDOWS\System32\ADVAPI32.dll
0x00007ffa4bf90000 - 0x00007ffa4c03a000 	C:\WINDOWS\System32\sechost.dll
0x00007ffa4cd90000 - 0x00007ffa4cea8000 	C:\WINDOWS\System32\RPCRT4.dll
0x00007ffa4ceb0000 - 0x00007ffa4cf32000 	C:\WINDOWS\System32\WS2_32.dll
0x00007ffa4a2f0000 - 0x00007ffa4a34e000 	C:\WINDOWS\SYSTEM32\POWRPROF.dll
0x00007ffa3f880000 - 0x00007ffa3f8b6000 	C:\WINDOWS\SYSTEM32\WINMM.dll
0x00007ffa3f8c0000 - 0x00007ffa3f8cb000 	C:\WINDOWS\SYSTEM32\VERSION.dll
0x00007ffa4a2b0000 - 0x00007ffa4a2c5000 	C:\WINDOWS\SYSTEM32\UMPDC.dll
0x00007ffa49160000 - 0x00007ffa4917b000 	C:\WINDOWS\SYSTEM32\kernel.appcore.dll
0x00007ffa3bde0000 - 0x00007ffa3bdea000 	c:\Users\Rishab Raj\.vscode\extensions\redhat.java-1.55.0-win32-x64\jre\21.0.11-win32-x86_64\bin\jimage.dll
0x00007ffa47a20000 - 0x00007ffa47c62000 	C:\WINDOWS\SYSTEM32\DBGHELP.DLL
0x00007ffa4c190000 - 0x00007ffa4c515000 	C:\WINDOWS\System32\combase.dll
0x00007ffa4c050000 - 0x00007ffa4c129000 	C:\WINDOWS\System32\OLEAUT32.dll
0x00007ffa38ba0000 - 0x00007ffa38bdb000 	C:\WINDOWS\SYSTEM32\dbgcore.DLL
0x00007ffa4a910000 - 0x00007ffa4a9bc000 	C:\WINDOWS\System32\bcryptPrimitives.dll
0x00007ffa38a40000 - 0x00007ffa38a4f000 	c:\Users\Rishab Raj\.vscode\extensions\redhat.java-1.55.0-win32-x64\jre\21.0.11-win32-x86_64\bin\instrument.dll
0x00007ffa38a20000 - 0x00007ffa38a40000 	c:\Users\Rishab Raj\.vscode\extensions\redhat.java-1.55.0-win32-x64\jre\21.0.11-win32-x86_64\bin\java.dll
0x00007ffa4b0a0000 - 0x00007ffa4b828000 	C:\WINDOWS\System32\SHELL32.dll
0x00007ffa47ef0000 - 0x00007ffa4878b000 	C:\WINDOWS\SYSTEM32\windows.storage.dll
0x00007ffa4bbf0000 - 0x00007ffa4bce9000 	C:\WINDOWS\System32\SHCORE.dll
0x00007ffa4d1b0000 - 0x00007ffa4d216000 	C:\WINDOWS\System32\shlwapi.dll
0x00007ffa4a390000 - 0x00007ffa4a3b9000 	C:\WINDOWS\SYSTEM32\profapi.dll
0x00007ffa389d0000 - 0x00007ffa389e8000 	c:\Users\Rishab Raj\.vscode\extensions\redhat.java-1.55.0-win32-x64\jre\21.0.11-win32-x86_64\bin\zip.dll
0x00007ffa389c0000 - 0x00007ffa389d0000 	C:\Users\Rishab Raj\.vscode\extensions\redhat.java-1.55.0-win32-x64\jre\21.0.11-win32-x86_64\bin\net.dll
0x00007ffa46430000 - 0x00007ffa46558000 	C:\WINDOWS\SYSTEM32\WINHTTP.dll
0x00007ffa49710000 - 0x00007ffa4977c000 	C:\WINDOWS\system32\mswsock.dll
0x00007ffa389a0000 - 0x00007ffa389b6000 	C:\Users\Rishab Raj\.vscode\extensions\redhat.java-1.55.0-win32-x64\jre\21.0.11-win32-x86_64\bin\nio.dll
0x00007ffa38990000 - 0x00007ffa389a0000 	c:\Users\Rishab Raj\.vscode\extensions\redhat.java-1.55.0-win32-x64\jre\21.0.11-win32-x86_64\bin\verify.dll
0x00007ffa2ff40000 - 0x00007ffa2ff85000 	C:\Users\Rishab Raj\AppData\Roaming\Code\User\globalStorage\redhat.java\1.55.0\config_win\org.eclipse.equinox.launcher\org.eclipse.equinox.launcher.win32.win32.x86_64_1.3.100.v20260613-0559\eclipse_11924.dll
0x00007ffa4cf40000 - 0x00007ffa4d0d9000 	C:\WINDOWS\System32\ole32.dll
0x00007ffa49a00000 - 0x00007ffa49a1b000 	C:\WINDOWS\SYSTEM32\CRYPTSP.dll
0x00007ffa490c0000 - 0x00007ffa490f9000 	C:\WINDOWS\system32\rsaenh.dll
0x00007ffa497c0000 - 0x00007ffa497f2000 	C:\WINDOWS\SYSTEM32\USERENV.dll
0x00007ffa4a360000 - 0x00007ffa4a38a000 	C:\WINDOWS\SYSTEM32\bcrypt.dll
0x00007ffa49a20000 - 0x00007ffa49a2c000 	C:\WINDOWS\SYSTEM32\CRYPTBASE.dll
0x00007ffa48af0000 - 0x00007ffa48b23000 	C:\WINDOWS\SYSTEM32\IPHLPAPI.DLL
0x00007ffa4c040000 - 0x00007ffa4c04a000 	C:\WINDOWS\System32\NSI.dll
0x00007ffa2b550000 - 0x00007ffa2b599000 	C:\Users\Rishab Raj\AppData\Local\Temp\jna--498999960\jna3416613038902370352.dll
0x00007ffa4af90000 - 0x00007ffa4af98000 	C:\WINDOWS\System32\PSAPI.DLL
0x00007ffa46690000 - 0x00007ffa466ad000 	C:\WINDOWS\SYSTEM32\dhcpcsvc6.DLL
0x00007ffa465e0000 - 0x00007ffa46605000 	C:\WINDOWS\SYSTEM32\dhcpcsvc.DLL
0x00007ffa47d90000 - 0x00007ffa47d9e000 	C:\Users\Rishab Raj\.vscode\extensions\redhat.java-1.55.0-win32-x64\jre\21.0.11-win32-x86_64\bin\sunmscapi.dll
0x00007ffa4ac20000 - 0x00007ffa4ad9e000 	C:\WINDOWS\System32\CRYPT32.dll
0x00007ffa49c40000 - 0x00007ffa49c70000 	C:\WINDOWS\SYSTEM32\ncrypt.dll
0x00007ffa49bf0000 - 0x00007ffa49c2f000 	C:\WINDOWS\SYSTEM32\NTASN1.dll

JVMTI agents:
c:\Users\Rishab Raj\.vscode\extensions\redhat.java-1.55.0-win32-x64\lombok\lombok-1.18.39-4050.jar path:c:\Users\Rishab Raj\.vscode\extensions\redhat.java-1.55.0-win32-x64\jre\21.0.11-win32-x86_64\bin\instrument.dll, loaded, initialized, instrumentlib options:none

dbghelp: loaded successfully - version: 4.0.5 - missing functions: none
symbol engine: initialized successfully - sym options: 0x614 - pdb path: .;c:\Users\Rishab Raj\.vscode\extensions\redhat.java-1.55.0-win32-x64\jre\21.0.11-win32-x86_64\bin;C:\WINDOWS\SYSTEM32;C:\WINDOWS\WinSxS\amd64_microsoft.windows.common-controls_6595b64144ccf1df_6.0.26100.8972_none_3e0da176e32f9d4b;c:\Users\Rishab Raj\.vscode\extensions\redhat.java-1.55.0-win32-x64\jre\21.0.11-win32-x86_64\bin\server;C:\Users\Rishab Raj\AppData\Roaming\Code\User\globalStorage\redhat.java\1.55.0\config_win\org.eclipse.equinox.launcher\org.eclipse.equinox.launcher.win32.win32.x86_64_1.3.100.v20260613-0559;C:\Users\Rishab Raj\AppData\Local\Temp\jna--498999960

VM Arguments:
jvm_args: --add-modules=ALL-SYSTEM --add-opens=java.base/java.util=ALL-UNNAMED --add-opens=java.base/java.lang=ALL-UNNAMED --add-opens=java.base/sun.nio.fs=ALL-UNNAMED -Declipse.application=org.eclipse.jdt.ls.core.id1 -Dosgi.bundles.defaultStartLevel=4 -Declipse.product=org.eclipse.jdt.ls.core.product -Djava.import.generatesMetadataFilesAtProjectRoot=false -DDetectVMInstallationsJob.disabled=true -Dfile.encoding=utf8 -XX:+UseParallelGC -XX:GCTimeRatio=4 -XX:AdaptiveSizePolicyWeight=90 -Dsun.zip.disableMemoryMapping=true -Xmx2G -Xms100m -Xlog:disable -javaagent:c:\Users\Rishab Raj\.vscode\extensions\redhat.java-1.55.0-win32-x64\lombok\lombok-1.18.39-4050.jar -XX:+HeapDumpOnOutOfMemoryError -XX:HeapDumpPath=c:\Users\Rishab Raj\AppData\Roaming\Code\User\workspaceStorage\9986fddd050dcad5d5090b04e425bfdb\redhat.java -Daether.dependencyCollector.impl=bf 
java_command: c:\Users\Rishab Raj\.vscode\extensions\redhat.java-1.55.0-win32-x64\server\plugins\org.eclipse.equinox.launcher_1.7.200.v20260619-2039.jar -configuration c:\Users\Rishab Raj\AppData\Roaming\Code\User\globalStorage\redhat.java\1.55.0\config_win -data c:\Users\Rishab Raj\AppData\Roaming\Code\User\workspaceStorage\9986fddd050dcad5d5090b04e425bfdb\redhat.java\jdt_ws --pipe=\\.\pipe\lsp-51c9904b8b4ec346d2ba32eae6154377-sock
java_class_path (initial): c:\Users\Rishab Raj\.vscode\extensions\redhat.java-1.55.0-win32-x64\server\plugins\org.eclipse.equinox.launcher_1.7.200.v20260619-2039.jar
Launcher Type: SUN_STANDARD

[Global flags]
    uintx AdaptiveSizePolicyWeight                 = 90                                        {product} {command line}
     intx CICompilerCount                          = 4                                         {product} {ergonomic}
    uintx GCTimeRatio                              = 4                                         {product} {command line}
     bool HeapDumpOnOutOfMemoryError               = true                                   {manageable} {command line}
    ccstr HeapDumpPath                             = c:\Users\Rishab Raj\AppData\Roaming\Code\User\workspaceStorage\9986fddd050dcad5d5090b04e425bfdb\redhat.java         {manageable} {command line}
   size_t InitialHeapSize                          = 104857600                                 {product} {command line}
   size_t MaxHeapSize                              = 2147483648                                {product} {command line}
   size_t MaxNewSize                               = 715653120                                 {product} {ergonomic}
   size_t MinHeapDeltaBytes                        = 524288                                    {product} {ergonomic}
   size_t MinHeapSize                              = 104857600                                 {product} {command line}
   size_t NewSize                                  = 34603008                                  {product} {ergonomic}
    uintx NonNMethodCodeHeapSize                   = 5839372                                {pd product} {ergonomic}
    uintx NonProfiledCodeHeapSize                  = 122909434                              {pd product} {ergonomic}
   size_t OldSize                                  = 70254592                                  {product} {ergonomic}
    uintx ProfiledCodeHeapSize                     = 122909434                              {pd product} {ergonomic}
    uintx ReservedCodeCacheSize                    = 251658240                              {pd product} {ergonomic}
     bool SegmentedCodeCache                       = true                                      {product} {ergonomic}
   size_t SoftMaxHeapSize                          = 2147483648                             {manageable} {ergonomic}
     bool UseCompressedOops                        = true                           {product lp64_product} {ergonomic}
     bool UseLargePagesIndividualAllocation        = false                                  {pd product} {ergonomic}
     bool UseParallelGC                            = true                                      {product} {command line}

Logging:
Log output configuration:
 #0: stdout all=off uptime,level,tags foldmultilines=false
 #1: stderr all=off uptime,level,tags foldmultilines=false

Release file:
JAVA_VERSION="21.0.11" 
MODULES="java.base java.compiler java.datatransfer java.xml java.prefs java.desktop java.instrument java.logging java.management java.security.sasl java.naming java.rmi java.management.rmi java.net.http java.scripting java.security.jgss java.transaction.xa java.sql java.sql.rowset java.xml.crypto java.se java.smartcardio jdk.accessibility jdk.internal.jvmstat jdk.attach jdk.charsets jdk.internal.opt jdk.zipfs jdk.compiler jdk.crypto.ec jdk.crypto.cryptoki jdk.crypto.mscapi jdk.dynalink jdk.internal.ed jdk.editpad jdk.hotspot.agent jdk.httpserver jdk.internal.le jdk.internal.vm.ci jdk.internal.vm.compiler jdk.internal.vm.compiler.management jdk.jartool jdk.javadoc jdk.jcmd jdk.management jdk.management.agent jdk.jconsole jdk.jdeps jdk.jdwp.agent jdk.jdi jdk.jfr jdk.jshell jdk.jsobject jdk.jstatd jdk.localedata jdk.management.jfr jdk.naming.dns jdk.naming.rmi jdk.net jdk.nio.mapmode jdk.random jdk.sctp jdk.security.auth jdk.security.jgss jdk.unsupported jdk.unsupported.desktop jdk.xml.dom" 

Environment Variables:
JAVA_HOME=C:\Program Files\Java\jdk-21
PATH=C:\Program Files\Microsoft\jdk-17.0.16.8-hotspot\bin;C:\Python313\Scripts\;C:\Python313\;C:\Program Files\Common Files\Oracle\Java\javapath;C:\WINDOWS\system32;C:\WINDOWS;C:\WINDOWS\System32\Wbem;C:\WINDOWS\System32\WindowsPowerShell\v1.0\;C:\WINDOWS\System32\OpenSSH\;C:\MinGW\bin;C:\Program Files\dotnet\;C:\Program Files\Microsoft SQL Server\150\Tools\Binn\;C:\Program Files\Microsoft SQL Server\Client SDK\ODBC\170\Tools\Binn\;C:\ProgramData\chocolatey\bin;C:\Program Files\nodejs\;C:\Program Files\Docker\Docker\resources\bin;C:\Program Files\Amazon\AWSCLIV2\;C:\Terraform;C:\Program Files\Java\jdk-25\bin;C:\Program Files\Go\bin;C:\Program Files\Git\cmd;C:\ProgramData\ComposerSetup\bin;C:\Users\Rishab Raj\.config\herd\bin\nvm;C:\Program Files\nodejs;D:\xampp\php;C:/msys64/ucrt64/bin;C:\Users\Rishab Raj\.dotnet\tools;C:\Users\Rishab Raj\AppData\Local\Microsoft\WindowsApps;C:\Users\Rishab Raj\AppData\Local\GitHubDesktop\bin;C:\Users\Rishab Raj\AppData\Roaming\npm;C:\Users\Rishab Raj\go\bin;C:\Users\Rishab Raj\AppData\Local\Programs\Microsoft VS Code\bin;C:\Users\Rishab Raj\AppData\Roaming\Composer\vendor\bin;C:\Users\Rishab Raj\.bun\bin
USERNAME=Rishab Raj
OS=Windows_NT
PROCESSOR_IDENTIFIER=AMD64 Family 25 Model 80 Stepping 0, AuthenticAMD
TMP=C:\Users\RISHAB~1\AppData\Local\Temp
TEMP=C:\Users\RISHAB~1\AppData\Local\Temp




Periodic native trim disabled

---------------  S Y S T E M  ---------------

OS:
 Windows 11 , 64 bit Build 26100 (10.0.26100.9168)
OS uptime: 0 days 12:59 hours
Hyper-V role detected

CPU: total 12 (initial active 12) (12 cores per cpu, 2 threads per core) family 25 model 80 stepping 0 microcode 0xa50000d, cx8, cmov, fxsr, ht, mmx, 3dnowpref, sse, sse2, sse3, ssse3, sse4a, sse4.1, sse4.2, popcnt, lzcnt, tsc, tscinvbit, avx, avx2, aes, erms, clmul, bmi1, bmi2, adx, sha, fma, vzeroupper, clflush, clflushopt, hv, rdtscp, rdpid, fsrm, f16c, cet_ss
Processor Information for processor 0
  Max Mhz: 3301, Current Mhz: 1805, Mhz Limit: 3301
Processor Information for processor 1
  Max Mhz: 3301, Current Mhz: 1805, Mhz Limit: 3301
Processor Information for processor 2
  Max Mhz: 3301, Current Mhz: 1908, Mhz Limit: 3301
Processor Information for processor 3
  Max Mhz: 3301, Current Mhz: 1908, Mhz Limit: 3301
Processor Information for processor 4
  Max Mhz: 3301, Current Mhz: 1908, Mhz Limit: 3301
Processor Information for processor 5
  Max Mhz: 3301, Current Mhz: 1908, Mhz Limit: 3301
Processor Information for processor 6
  Max Mhz: 3301, Current Mhz: 1908, Mhz Limit: 3301
Processor Information for processor 7
  Max Mhz: 3301, Current Mhz: 1908, Mhz Limit: 3301
Processor Information for processor 8
  Max Mhz: 3301, Current Mhz: 1908, Mhz Limit: 3301
Processor Information for processor 9
  Max Mhz: 3301, Current Mhz: 1805, Mhz Limit: 3301
Processor Information for processor 10
  Max Mhz: 3301, Current Mhz: 1805, Mhz Limit: 3301
Processor Information for processor 11
  Max Mhz: 3301, Current Mhz: 1908, Mhz Limit: 3301

Memory: 4k page, system-wide physical 15773M (306M free)
TotalPageFile size 28273M (AvailPageFile size 34M)
current process WorkingSet (physical memory assigned to process): 367M, peak: 367M
current process commit charge ("private bytes"): 447M, peak: 1650M

vm_info: OpenJDK 64-Bit Server VM (21.0.11+10-LTS) for windows-amd64 JRE (21.0.11+10-LTS), built on 2026-04-21T00:00:00Z by "admin" with MS VC++ 17.12 (VS2022)

END.
