#
# There is insufficient memory for the Java Runtime Environment to continue.
# Native memory allocation (malloc) failed to allocate 1048576 bytes. Error detail: AllocateHeap
# Possible reasons:
#   The system is out of physical RAM or swap space
#   This process is running with CompressedOops enabled, and the Java Heap may be blocking the growth of the native heap
# Possible solutions:
#   Reduce memory load on the system
#   Increase physical memory or swap space
#   Check if swap backing store is full
#   Decrease Java heap size (-Xmx/-Xms)
#   Decrease number of Java threads
#   Decrease Java thread stack sizes (-Xss)
#   Set larger code cache with -XX:ReservedCodeCacheSize=
#   JVM is running with Unscaled Compressed Oops mode in which the Java heap is
#     placed in the first 4GB address space. The Java Heap base address is the
#     maximum limit for the native heap growth. Please use -XX:HeapBaseMinAddress
#     to set the Java Heap base and to place the Java Heap above 4GB virtual address.
# This output file may be truncated or incomplete.
#
#  Out of Memory Error (allocation.cpp:44), pid=29416, tid=29468
#
# JRE version: OpenJDK Runtime Environment Temurin-21.0.11+10 (21.0.11+10) (build 21.0.11+10-LTS)
# Java VM: OpenJDK 64-Bit Server VM Temurin-21.0.11+10 (21.0.11+10-LTS, mixed mode, sharing, tiered, compressed oops, compressed class ptrs, parallel gc, windows-amd64)
# No core dump will be written. Minidumps are not enabled by default on client versions of Windows
#

---------------  S U M M A R Y ------------

Command Line: --add-modules=ALL-SYSTEM --add-opens=java.base/java.util=ALL-UNNAMED --add-opens=java.base/java.lang=ALL-UNNAMED --add-opens=java.base/sun.nio.fs=ALL-UNNAMED -Declipse.application=org.eclipse.jdt.ls.core.id1 -Dosgi.bundles.defaultStartLevel=4 -Declipse.product=org.eclipse.jdt.ls.core.product -Djava.import.generatesMetadataFilesAtProjectRoot=false -DDetectVMInstallationsJob.disabled=true -Dfile.encoding=utf8 -XX:+UseParallelGC -XX:GCTimeRatio=4 -XX:AdaptiveSizePolicyWeight=90 -Dsun.zip.disableMemoryMapping=true -Xmx2G -Xms100m -Xlog:disable -javaagent:c:\Users\Rishab Raj\.vscode\extensions\redhat.java-1.55.0-win32-x64\lombok\lombok-1.18.39-4050.jar -XX:+HeapDumpOnOutOfMemoryError -XX:HeapDumpPath=c:\Users\Rishab Raj\AppData\Roaming\Code\User\workspaceStorage\9986fddd050dcad5d5090b04e425bfdb\redhat.java -Daether.dependencyCollector.impl=bf c:\Users\Rishab Raj\.vscode\extensions\redhat.java-1.55.0-win32-x64\server\plugins\org.eclipse.equinox.launcher_1.7.200.v20260619-2039.jar -configuration c:\Users\Rishab Raj\AppData\Roaming\Code\User\globalStorage\redhat.java\1.55.0\config_win -data c:\Users\Rishab Raj\AppData\Roaming\Code\User\workspaceStorage\9986fddd050dcad5d5090b04e425bfdb\redhat.java\jdt_ws --pipe=\\.\pipe\lsp-e2d58b8429a331e4ab735e0c4ddd9c95-sock

Host: AMD Ryzen 5 5600H with Radeon Graphics         , 12 cores, 15G,  Windows 11 , 64 bit Build 26100 (10.0.26100.8521)
Time: Thu Jul  9 21:26:08 2026 India Standard Time elapsed time: 12583.523618 seconds (0d 3h 29m 43s)

---------------  T H R E A D  ---------------

Current thread (0x00000298a4a4b720):  JavaThread "Attach Listener" daemon [_thread_in_vm, id=29468, stack(0x000000c54a300000,0x000000c54a400000) (1024K)]

Stack: [0x000000c54a300000,0x000000c54a400000]
Native frames: (J=compiled Java code, j=interpreted, Vv=VM code, C=native code)
V  [jvm.dll+0x6d7e19]
V  [jvm.dll+0x8b5096]
V  [jvm.dll+0x8b764e]
V  [jvm.dll+0x8b7d33]
V  [jvm.dll+0x284596]
V  [jvm.dll+0xc13c7]
V  [jvm.dll+0x6d86c9]
V  [jvm.dll+0x133616]
V  [jvm.dll+0x3f868e]
V  [jvm.dll+0x85fb0d]
V  [jvm.dll+0x6d664d]
C  [ucrtbase.dll+0x2cd30]
C  [KERNEL32.DLL+0x2e957]
C  [ntdll.dll+0x87c1c]


---------------  P R O C E S S  ---------------

Threads class SMR info:
_java_thread_list=0x00000298858ec990, length=39, elements={
0x00000298a25a8330, 0x00000298a494cd10, 0x00000298a4a40cf0, 0x00000298a4a4aa40,
0x00000298a4a4b720, 0x00000298a4a4ec60, 0x00000298a4a52d40, 0x00000298fd79a040,
0x00000298a4a593d0, 0x00000298fd9b7130, 0x00000298fd9b5d80, 0x00000298fd9b6aa0,
0x00000298fd9b6410, 0x00000298febe2f00, 0x00000298febe3590, 0x00000298febe5cf0,
0x00000298febe5660, 0x00000298febe3c20, 0x00000298febe6380, 0x00000298febe4fd0,
0x00000298febe42b0, 0x00000298febe70a0, 0x00000298febe7dc0, 0x00000298febe4940,
0x00000298febe8450, 0x00000298febe8ae0, 0x00000298febe9e90, 0x00000298febe9170,
0x00000298febe9800, 0x00000298febea520, 0x00000298852e8e80, 0x00000298852e5a00,
0x00000298852e6720, 0x00000298852e6090, 0x00000298852e9510, 0x00000298852ea230,
0x00000298852e9ba0, 0x00000298852e6db0, 0x00000298ffb8c990
}

Java Threads: ( => current thread )
  0x00000298a25a8330 JavaThread "main"                              [_thread_blocked, id=24708, stack(0x000000c549c00000,0x000000c549d00000) (1024K)]
  0x00000298a494cd10 JavaThread "Reference Handler"          daemon [_thread_blocked, id=7224, stack(0x000000c54a000000,0x000000c54a100000) (1024K)]
  0x00000298a4a40cf0 JavaThread "Finalizer"                  daemon [_thread_blocked, id=24120, stack(0x000000c54a100000,0x000000c54a200000) (1024K)]
  0x00000298a4a4aa40 JavaThread "Signal Dispatcher"          daemon [_thread_blocked, id=21560, stack(0x000000c54a200000,0x000000c54a300000) (1024K)]
=>0x00000298a4a4b720 JavaThread "Attach Listener"            daemon [_thread_in_vm, id=29468, stack(0x000000c54a300000,0x000000c54a400000) (1024K)]
  0x00000298a4a4ec60 JavaThread "Service Thread"             daemon [_thread_blocked, id=24676, stack(0x000000c54a400000,0x000000c54a500000) (1024K)]
  0x00000298a4a52d40 JavaThread "Monitor Deflation Thread"   daemon [_thread_blocked, id=24940, stack(0x000000c54a500000,0x000000c54a600000) (1024K)]
  0x00000298fd79a040 JavaThread "C2 CompilerThread0"         daemon [_thread_blocked, id=12236, stack(0x000000c54a600000,0x000000c54a700000) (1024K)]
  0x00000298a4a593d0 JavaThread "C1 CompilerThread0"         daemon [_thread_blocked, id=12372, stack(0x000000c54a700000,0x000000c54a800000) (1024K)]
  0x00000298fd9b7130 JavaThread "Common-Cleaner"             daemon [_thread_blocked, id=6688, stack(0x000000c54a900000,0x000000c54aa00000) (1024K)]
  0x00000298fd9b5d80 JavaThread "Notification Thread"        daemon [_thread_blocked, id=28292, stack(0x000000c54aa00000,0x000000c54ab00000) (1024K)]
  0x00000298fd9b6aa0 JavaThread "Active Thread: Equinox Container: a4f50cbb-d902-4f8a-93c4-9434effafb36"        [_thread_blocked, id=27268, stack(0x000000c54b200000,0x000000c54b300000) (1024K)]
  0x00000298fd9b6410 JavaThread "Refresh Thread: Equinox Container: a4f50cbb-d902-4f8a-93c4-9434effafb36" daemon [_thread_blocked, id=7572, stack(0x000000c54ab00000,0x000000c54ac00000) (1024K)]
  0x00000298febe2f00 JavaThread "Framework Event Dispatcher: Equinox Container: a4f50cbb-d902-4f8a-93c4-9434effafb36" daemon [_thread_blocked, id=24344, stack(0x000000c54b300000,0x000000c54b400000) (1024K)]
  0x00000298febe3590 JavaThread "Start Level: Equinox Container: a4f50cbb-d902-4f8a-93c4-9434effafb36" daemon [_thread_blocked, id=15084, stack(0x000000c54b400000,0x000000c54b500000) (1024K)]
  0x00000298febe5cf0 JavaThread "Bundle File Closer"         daemon [_thread_blocked, id=27864, stack(0x000000c54b800000,0x000000c54b900000) (1024K)]
  0x00000298febe5660 JavaThread "SCR Component Actor"        daemon [_thread_blocked, id=24632, stack(0x000000c54b500000,0x000000c54b600000) (1024K)]
  0x00000298febe3c20 JavaThread "Worker-JM"                         [_thread_blocked, id=2068, stack(0x000000c54bb00000,0x000000c54bc00000) (1024K)]
  0x00000298febe6380 JavaThread "JNA Cleaner"                daemon [_thread_blocked, id=23596, stack(0x000000c54ba00000,0x000000c54bb00000) (1024K)]
  0x00000298febe4fd0 JavaThread "Java indexing"              daemon [_thread_blocked, id=22352, stack(0x000000c54be00000,0x000000c54bf00000) (1024K)]
  0x00000298febe42b0 JavaThread "Worker-2"                          [_thread_blocked, id=17036, stack(0x000000c54c200000,0x000000c54c300000) (1024K)]
  0x00000298febe70a0 JavaThread "Worker-3"                          [_thread_blocked, id=27884, stack(0x000000c54c300000,0x000000c54c400000) (1024K)]
  0x00000298febe7dc0 JavaThread "Thread-1"                   daemon [_thread_in_native, id=21816, stack(0x000000c54c400000,0x000000c54c500000) (1024K)]
  0x00000298febe4940 JavaThread "Thread-2"                   daemon [_thread_in_native, id=25720, stack(0x000000c54c500000,0x000000c54c600000) (1024K)]
  0x00000298febe8450 JavaThread "Thread-3"                   daemon [_thread_in_native, id=16580, stack(0x000000c54c600000,0x000000c54c700000) (1024K)]
  0x00000298febe8ae0 JavaThread "Thread-4"                   daemon [_thread_in_native, id=22860, stack(0x000000c54c700000,0x000000c54c800000) (1024K)]
  0x00000298febe9e90 JavaThread "Thread-5"                   daemon [_thread_in_native, id=8328, stack(0x000000c54c800000,0x000000c54c900000) (1024K)]
  0x00000298febe9170 JavaThread "Thread-6"                   daemon [_thread_in_native, id=22272, stack(0x000000c54c900000,0x000000c54ca00000) (1024K)]
  0x00000298febe9800 JavaThread "Thread-7"                   daemon [_thread_in_native, id=28912, stack(0x000000c54ca00000,0x000000c54cb00000) (1024K)]
  0x00000298febea520 JavaThread "Thread-8"                   daemon [_thread_in_native, id=26968, stack(0x000000c54cb00000,0x000000c54cc00000) (1024K)]
  0x00000298852e8e80 JavaThread "Thread-9"                   daemon [_thread_in_native, id=3400, stack(0x000000c54cc00000,0x000000c54cd00000) (1024K)]
  0x00000298852e5a00 JavaThread "Thread-10"                  daemon [_thread_in_native, id=29404, stack(0x000000c54cd00000,0x000000c54ce00000) (1024K)]
  0x00000298852e6720 JavaThread "Thread-11"                  daemon [_thread_in_native, id=14892, stack(0x000000c54ce00000,0x000000c54cf00000) (1024K)]
  0x00000298852e6090 JavaThread "Thread-12"                  daemon [_thread_in_native, id=29496, stack(0x000000c54cf00000,0x000000c54d000000) (1024K)]
  0x00000298852e9510 JavaThread "Thread-13"                  daemon [_thread_in_native, id=8052, stack(0x000000c54d000000,0x000000c54d100000) (1024K)]
  0x00000298852ea230 JavaThread "pool-2-thread-1"                   [_thread_blocked, id=10848, stack(0x000000c54d100000,0x000000c54d200000) (1024K)]
  0x00000298852e9ba0 JavaThread "WorkspaceEventsHandler"            [_thread_blocked, id=21800, stack(0x000000c54d200000,0x000000c54d300000) (1024K)]
  0x00000298852e6db0 JavaThread "pool-1-thread-1"                   [_thread_blocked, id=21968, stack(0x000000c54d300000,0x000000c54d400000) (1024K)]
  0x00000298ffb8c990 JavaThread "Cleaner-0"                  daemon [_thread_blocked, id=27412, stack(0x000000c54e000000,0x000000c54e100000) (1024K)]
Total: 39

Other Threads:
  0x00000298a4a3f7d0 VMThread "VM Thread"                           [id=18900, stack(0x000000c549f00000,0x000000c54a000000) (1024K)]
  0x00000298a482ca00 WatcherThread "VM Periodic Task Thread"        [id=12748, stack(0x000000c549e00000,0x000000c549f00000) (1024K)]
  0x00000298a49ba570 WorkerThread "GC Thread#0"                     [id=26908, stack(0x000000c549d00000,0x000000c549e00000) (1024K)]
  0x00000298fed75ee0 WorkerThread "GC Thread#1"                     [id=26812, stack(0x000000c54ac00000,0x000000c54ad00000) (1024K)]
  0x00000298febd17f0 WorkerThread "GC Thread#2"                     [id=28236, stack(0x000000c54ad00000,0x000000c54ae00000) (1024K)]
  0x00000298febd1ba0 WorkerThread "GC Thread#3"                     [id=8380, stack(0x000000c54ae00000,0x000000c54af00000) (1024K)]
  0x00000298febd1f50 WorkerThread "GC Thread#4"                     [id=27860, stack(0x000000c54af00000,0x000000c54b000000) (1024K)]
  0x00000298febd2300 WorkerThread "GC Thread#5"                     [id=3192, stack(0x000000c54b000000,0x000000c54b100000) (1024K)]
  0x00000298febd26b0 WorkerThread "GC Thread#6"                     [id=7880, stack(0x000000c54b100000,0x000000c54b200000) (1024K)]
  0x00000298fef96650 WorkerThread "GC Thread#7"                     [id=11572, stack(0x000000c54a800000,0x000000c54a900000) (1024K)]
  0x00000298ff0d4380 WorkerThread "GC Thread#8"                     [id=27588, stack(0x000000c54b600000,0x000000c54b700000) (1024K)]
  0x00000298ff0d4730 WorkerThread "GC Thread#9"                     [id=3868, stack(0x000000c54b700000,0x000000c54b800000) (1024K)]
Total: 12

Threads with active compile tasks:
Total: 0

VM state: not at safepoint (normal execution)

VM Mutex/Monitor currently owned by a thread: None

Heap address: 0x0000000080000000, size: 2048 MB, Compressed Oops mode: 32-bit

CDS archive(s) mapped at: [0x00000298bc000000-0x00000298bcba0000-0x00000298bcba0000), size 12189696, SharedBaseAddress: 0x00000298bc000000, ArchiveRelocationMode: 1.
Compressed class space mapped at: 0x00000298bd000000-0x00000298fd000000, reserved size: 1073741824
Narrow klass base: 0x00000298bc000000, Narrow klass shift: 0, Narrow klass range: 0x100000000

GC Precious Log:
 CardTable entry size: 512
 CPUs: 12 total, 12 available
 Memory: 15773M
 Large Page Support: Disabled
 NUMA Support: Disabled
 Compressed Oops: Enabled (32-bit)
 Alignments: Space 512K, Generation 512K, Heap 2M
 Heap Min Capacity: 100M
 Heap Initial Capacity: 100M
 Heap Max Capacity: 2G
 Pre-touch: Disabled
 Parallel Workers: 10

Heap:
 PSYoungGen      total 7680K, used 4701K [0x00000000d5580000, 0x00000000d6780000, 0x0000000100000000)
  eden space 6144K, 57% used [0x00000000d5580000,0x00000000d58ef5b8,0x00000000d5b80000)
  from space 1536K, 77% used [0x00000000d6180000,0x00000000d62a8020,0x00000000d6300000)
  to   space 2560K, 0% used [0x00000000d6500000,0x00000000d6500000,0x00000000d6780000)
 ParOldGen       total 122880K, used 122606K [0x0000000080000000, 0x0000000087800000, 0x00000000d5580000)
  object space 122880K, 99% used [0x0000000080000000,0x00000000877bb990,0x0000000087800000)
 Metaspace       used 62590K, committed 64000K, reserved 1114112K
  class space    used 6681K, committed 7296K, reserved 1048576K

Card table byte_map: [0x00000298a4340000,0x00000298a4750000] _byte_map_base: 0x00000298a3f40000

Marking Bits: (ParMarkBitMap*) 0x00007ff93aee4460
 Begin Bits: [0x00000298b6e50000, 0x00000298b8e50000)
 End Bits:   [0x00000298b8e50000, 0x00000298bae50000)

Polling page: 0x00000298a2750000

Metaspace:

Usage:
  Non-class:     54.60 MB used.
      Class:      6.53 MB used.
       Both:     61.12 MB used.

Virtual space:
  Non-class space:       64.00 MB reserved,      55.38 MB ( 87%) committed,  1 nodes.
      Class space:        1.00 GB reserved,       7.12 MB ( <1%) committed,  1 nodes.
             Both:        1.06 GB reserved,      62.50 MB (  6%) committed. 

Chunk freelists:
   Non-Class:  8.17 MB
       Class:  8.82 MB
        Both:  16.99 MB

MaxMetaspaceSize: unlimited
CompressedClassSpaceSize: 1.00 GB
Initial GC threshold: 21.00 MB
Current GC threshold: 97.31 MB
CDS: on
 - commit_granule_bytes: 65536.
 - commit_granule_words: 8192.
 - virtual_space_node_default_size: 8388608.
 - enlarge_chunks_in_place: 1.
 - use_allocation_guard: 0.


Internal statistics:

num_allocs_failed_limit: 9.
num_arena_births: 988.
num_arena_deaths: 14.
num_vsnodes_births: 2.
num_vsnodes_deaths: 0.
num_space_committed: 1000.
num_space_uncommitted: 0.
num_chunks_returned_to_freelist: 23.
num_chunks_taken_from_freelist: 3801.
num_chunk_merges: 11.
num_chunk_splits: 2377.
num_chunks_enlarged: 1441.
num_inconsistent_stats: 0.

CodeHeap 'non-profiled nmethods': size=120000Kb used=5059Kb max_used=5059Kb free=114940Kb
 bounds [0x00000298af670000, 0x00000298afb70000, 0x00000298b6ba0000]
CodeHeap 'profiled nmethods': size=120000Kb used=16438Kb max_used=16438Kb free=103561Kb
 bounds [0x00000298a7ba0000, 0x00000298a8bb0000, 0x00000298af0d0000]
CodeHeap 'non-nmethods': size=5760Kb used=1438Kb max_used=1501Kb free=4321Kb
 bounds [0x00000298af0d0000, 0x00000298af340000, 0x00000298af670000]
CodeCache: size=245760Kb, used=22935Kb, max_used=22998Kb, free=222822Kb
 total_blobs=8465, nmethods=7708, adapters=663, full_count=0
Compilation: enabled, stopped_count=0, restarted_count=0

Compilation events (20 events):
Event: 3924.072 Thread 0x00000298fd79a040 8416       4       jdk.internal.misc.Unsafe::putIntOpaque (9 bytes)
Event: 3924.073 Thread 0x00000298fd79a040 nmethod 8416 0x00000298afb5f510 code [0x00000298afb5f6a0, 0x00000298afb5f738]
Event: 3978.751 Thread 0x00000298a4a593d0 8417   !   3       org.eclipse.core.internal.jobs.JobManager::nextJob (291 bytes)
Event: 3978.758 Thread 0x00000298a4a593d0 nmethod 8417 0x00000298a8ba6610 code [0x00000298a8ba6aa0, 0x00000298a8ba8bd8]
Event: 4038.766 Thread 0x00000298a4a593d0 8418   !   3       org.eclipse.core.internal.jobs.JobManager::sleepHint (67 bytes)
Event: 4038.767 Thread 0x00000298a4a593d0 nmethod 8418 0x00000298a8ba9d10 code [0x00000298a8ba9f80, 0x00000298a8baaa50]
Event: 4038.767 Thread 0x00000298a4a593d0 8419       3       org.eclipse.core.internal.jobs.JobQueue::isEmpty (18 bytes)
Event: 4038.767 Thread 0x00000298a4a593d0 nmethod 8419 0x00000298a8baaf10 code [0x00000298a8bab0c0, 0x00000298a8bab250]
Event: 4278.801 Thread 0x00000298a4a593d0 8420       3       org.eclipse.core.internal.jobs.JobManager::startJob (89 bytes)
Event: 4278.804 Thread 0x00000298a4a593d0 nmethod 8420 0x00000298a8bab310 code [0x00000298a8bab5c0, 0x00000298a8bac420]
Event: 4818.756 Thread 0x00000298a4a593d0 8421       3       java.lang.Long::formatUnsignedLong0 (47 bytes)
Event: 4818.756 Thread 0x00000298a4a593d0 nmethod 8421 0x00000298a8bac890 code [0x00000298a8baca40, 0x00000298a8bacc40]
Event: 4998.789 Thread 0x00000298a4a593d0 8422  s!   3       org.eclipse.core.internal.jobs.WorkerPool::sleep (124 bytes)
Event: 4998.790 Thread 0x00000298a4a593d0 nmethod 8422 0x00000298a8bacd90 code [0x00000298a8bacfa0, 0x00000298a8bad4b8]
Event: 8043.674 Thread 0x00000298a4a593d0 8423       3       org.eclipse.core.runtime.jobs.Job::getRule (5 bytes)
Event: 8043.674 Thread 0x00000298fd79a040 8424       4       java.util.HashMap::putIfAbsent (13 bytes)
Event: 8043.675 Thread 0x00000298a4a593d0 nmethod 8423 0x00000298a8bad690 code [0x00000298a8bad820, 0x00000298a8bad940]
Event: 8043.699 Thread 0x00000298fd79a040 nmethod 8424 0x00000298afb5f810 code [0x00000298afb5fa40, 0x00000298afb602e0]
Event: 11655.140 Thread 0x00000298a4a593d0 8425       1       org.eclipse.core.internal.jobs.InternalJob::getListeners (5 bytes)
Event: 11655.141 Thread 0x00000298a4a593d0 nmethod 8425 0x00000298afb60a10 code [0x00000298afb60ba0, 0x00000298afb60c68]

GC Heap History (20 events):
Event: 23.387 GC heap before
{Heap before GC invocations=39 (full 3):
 PSYoungGen      total 18432K, used 17920K [0x00000000d5580000, 0x00000000d6a00000, 0x0000000100000000)
  eden space 17920K, 100% used [0x00000000d5580000,0x00000000d6700000,0x00000000d6700000)
  from space 512K, 0% used [0x00000000d6700000,0x00000000d6700000,0x00000000d6780000)
  to   space 1024K, 0% used [0x00000000d6900000,0x00000000d6900000,0x00000000d6a00000)
 ParOldGen       total 68608K, used 41351K [0x0000000080000000, 0x0000000084300000, 0x00000000d5580000)
  object space 68608K, 60% used [0x0000000080000000,0x0000000082861ea8,0x0000000084300000)
 Metaspace       used 60133K, committed 61504K, reserved 1114112K
  class space    used 6475K, committed 7040K, reserved 1048576K
}
Event: 23.389 GC heap after
{Heap after GC invocations=39 (full 3):
 PSYoungGen      total 17408K, used 1022K [0x00000000d5580000, 0x00000000d6e00000, 0x0000000100000000)
  eden space 16384K, 0% used [0x00000000d5580000,0x00000000d5580000,0x00000000d6580000)
  from space 1024K, 99% used [0x00000000d6900000,0x00000000d69ffba0,0x00000000d6a00000)
  to   space 3584K, 0% used [0x00000000d6580000,0x00000000d6580000,0x00000000d6900000)
 ParOldGen       total 68608K, used 43305K [0x0000000080000000, 0x0000000084300000, 0x00000000d5580000)
  object space 68608K, 63% used [0x0000000080000000,0x0000000082a4a648,0x0000000084300000)
 Metaspace       used 60133K, committed 61504K, reserved 1114112K
  class space    used 6475K, committed 7040K, reserved 1048576K
}
Event: 23.530 GC heap before
{Heap before GC invocations=40 (full 3):
 PSYoungGen      total 17408K, used 17096K [0x00000000d5580000, 0x00000000d6e00000, 0x0000000100000000)
  eden space 16384K, 98% used [0x00000000d5580000,0x00000000d65325d8,0x00000000d6580000)
  from space 1024K, 99% used [0x00000000d6900000,0x00000000d69ffba0,0x00000000d6a00000)
  to   space 3584K, 0% used [0x00000000d6580000,0x00000000d6580000,0x00000000d6900000)
 ParOldGen       total 68608K, used 43305K [0x0000000080000000, 0x0000000084300000, 0x00000000d5580000)
  object space 68608K, 63% used [0x0000000080000000,0x0000000082a4a648,0x0000000084300000)
 Metaspace       used 60775K, committed 62208K, reserved 1114112K
  class space    used 6526K, committed 7168K, reserved 1048576K
}
Event: 23.532 GC heap after
{Heap after GC invocations=40 (full 3):
 PSYoungGen      total 19456K, used 2952K [0x00000000d5580000, 0x00000000d6b80000, 0x0000000100000000)
  eden space 16384K, 0% used [0x00000000d5580000,0x00000000d5580000,0x00000000d6580000)
  from space 3072K, 96% used [0x00000000d6580000,0x00000000d6862190,0x00000000d6880000)
  to   space 3072K, 0% used [0x00000000d6880000,0x00000000d6880000,0x00000000d6b80000)
 ParOldGen       total 68608K, used 45565K [0x0000000080000000, 0x0000000084300000, 0x00000000d5580000)
  object space 68608K, 66% used [0x0000000080000000,0x0000000082c7f768,0x0000000084300000)
 Metaspace       used 60775K, committed 62208K, reserved 1114112K
  class space    used 6526K, committed 7168K, reserved 1048576K
}
Event: 23.571 GC heap before
{Heap before GC invocations=41 (full 3):
 PSYoungGen      total 19456K, used 19336K [0x00000000d5580000, 0x00000000d6b80000, 0x0000000100000000)
  eden space 16384K, 100% used [0x00000000d5580000,0x00000000d6580000,0x00000000d6580000)
  from space 3072K, 96% used [0x00000000d6580000,0x00000000d6862190,0x00000000d6880000)
  to   space 3072K, 0% used [0x00000000d6880000,0x00000000d6880000,0x00000000d6b80000)
 ParOldGen       total 79872K, used 71895K [0x0000000080000000, 0x0000000084e00000, 0x00000000d5580000)
  object space 79872K, 90% used [0x0000000080000000,0x0000000084635d18,0x0000000084e00000)
 Metaspace       used 61162K, committed 62528K, reserved 1114112K
  class space    used 6562K, committed 7168K, reserved 1048576K
}
Event: 23.571 GC heap after
{Heap after GC invocations=41 (full 3):
 PSYoungGen      total 16896K, used 320K [0x00000000d5580000, 0x00000000d6900000, 0x0000000100000000)
  eden space 16384K, 0% used [0x00000000d5580000,0x00000000d5580000,0x00000000d6580000)
  from space 512K, 62% used [0x00000000d6880000,0x00000000d68d0000,0x00000000d6900000)
  to   space 1536K, 0% used [0x00000000d6600000,0x00000000d6600000,0x00000000d6780000)
 ParOldGen       total 79872K, used 73260K [0x0000000080000000, 0x0000000084e00000, 0x00000000d5580000)
  object space 79872K, 91% used [0x0000000080000000,0x000000008478b3d0,0x0000000084e00000)
 Metaspace       used 61162K, committed 62528K, reserved 1114112K
  class space    used 6562K, committed 7168K, reserved 1048576K
}
Event: 23.593 GC heap before
{Heap before GC invocations=42 (full 3):
 PSYoungGen      total 16896K, used 16704K [0x00000000d5580000, 0x00000000d6900000, 0x0000000100000000)
  eden space 16384K, 100% used [0x00000000d5580000,0x00000000d6580000,0x00000000d6580000)
  from space 512K, 62% used [0x00000000d6880000,0x00000000d68d0000,0x00000000d6900000)
  to   space 1536K, 0% used [0x00000000d6600000,0x00000000d6600000,0x00000000d6780000)
 ParOldGen       total 79872K, used 73260K [0x0000000080000000, 0x0000000084e00000, 0x00000000d5580000)
  object space 79872K, 91% used [0x0000000080000000,0x000000008478b3d0,0x0000000084e00000)
 Metaspace       used 61440K, committed 62848K, reserved 1114112K
  class space    used 6582K, committed 7232K, reserved 1048576K
}
Event: 23.600 GC heap after
{Heap after GC invocations=42 (full 3):
 PSYoungGen      total 17920K, used 1516K [0x00000000d5580000, 0x00000000d8580000, 0x0000000100000000)
  eden space 16384K, 0% used [0x00000000d5580000,0x00000000d5580000,0x00000000d6580000)
  from space 1536K, 98% used [0x00000000d6600000,0x00000000d677b0d8,0x00000000d6780000)
  to   space 16384K, 0% used [0x00000000d7580000,0x00000000d7580000,0x00000000d8580000)
 ParOldGen       total 91136K, used 85654K [0x0000000080000000, 0x0000000085900000, 0x00000000d5580000)
  object space 91136K, 93% used [0x0000000080000000,0x00000000853a5970,0x0000000085900000)
 Metaspace       used 61440K, committed 62848K, reserved 1114112K
  class space    used 6582K, committed 7232K, reserved 1048576K
}
Event: 23.646 GC heap before
{Heap before GC invocations=43 (full 3):
 PSYoungGen      total 17920K, used 17900K [0x00000000d5580000, 0x00000000d8580000, 0x0000000100000000)
  eden space 16384K, 100% used [0x00000000d5580000,0x00000000d6580000,0x00000000d6580000)
  from space 1536K, 98% used [0x00000000d6600000,0x00000000d677b0d8,0x00000000d6780000)
  to   space 16384K, 0% used [0x00000000d7580000,0x00000000d7580000,0x00000000d8580000)
 ParOldGen       total 91136K, used 85654K [0x0000000080000000, 0x0000000085900000, 0x00000000d5580000)
  object space 91136K, 93% used [0x0000000080000000,0x00000000853a5970,0x0000000085900000)
 Metaspace       used 61761K, committed 63168K, reserved 1114112K
  class space    used 6629K, committed 7232K, reserved 1048576K
}
Event: 23.652 GC heap after
{Heap after GC invocations=43 (full 3):
 PSYoungGen      total 26112K, used 9464K [0x00000000d5580000, 0x00000000d7f00000, 0x0000000100000000)
  eden space 16384K, 0% used [0x00000000d5580000,0x00000000d5580000,0x00000000d6580000)
  from space 9728K, 97% used [0x00000000d7580000,0x00000000d7ebe0d8,0x00000000d7f00000)
  to   space 11264K, 0% used [0x00000000d6900000,0x00000000d6900000,0x00000000d7400000)
 ParOldGen       total 91136K, used 87014K [0x0000000080000000, 0x0000000085900000, 0x00000000d5580000)
  object space 91136K, 95% used [0x0000000080000000,0x00000000854f9970,0x0000000085900000)
 Metaspace       used 61761K, committed 63168K, reserved 1114112K
  class space    used 6629K, committed 7232K, reserved 1048576K
}
Event: 23.691 GC heap before
{Heap before GC invocations=44 (full 3):
 PSYoungGen      total 26112K, used 25848K [0x00000000d5580000, 0x00000000d7f00000, 0x0000000100000000)
  eden space 16384K, 100% used [0x00000000d5580000,0x00000000d6580000,0x00000000d6580000)
  from space 9728K, 97% used [0x00000000d7580000,0x00000000d7ebe0d8,0x00000000d7f00000)
  to   space 11264K, 0% used [0x00000000d6900000,0x00000000d6900000,0x00000000d7400000)
 ParOldGen       total 91136K, used 87014K [0x0000000080000000, 0x0000000085900000, 0x00000000d5580000)
  object space 91136K, 95% used [0x0000000080000000,0x00000000854f9970,0x0000000085900000)
 Metaspace       used 62044K, committed 63488K, reserved 1114112K
  class space    used 6651K, committed 7296K, reserved 1048576K
}
Event: 23.701 GC heap after
{Heap after GC invocations=44 (full 3):
 PSYoungGen      total 23040K, used 6656K [0x00000000d5580000, 0x00000000d7600000, 0x0000000100000000)
  eden space 16384K, 0% used [0x00000000d5580000,0x00000000d5580000,0x00000000d6580000)
  from space 6656K, 100% used [0x00000000d6900000,0x00000000d6f80000,0x00000000d6f80000)
  to   space 6656K, 0% used [0x00000000d6f80000,0x00000000d6f80000,0x00000000d7600000)
 ParOldGen       total 96768K, used 96302K [0x0000000080000000, 0x0000000085e80000, 0x00000000d5580000)
  object space 96768K, 99% used [0x0000000080000000,0x0000000085e0b970,0x0000000085e80000)
 Metaspace       used 62044K, committed 63488K, reserved 1114112K
  class space    used 6651K, committed 7296K, reserved 1048576K
}
Event: 23.773 GC heap before
{Heap before GC invocations=45 (full 3):
 PSYoungGen      total 23040K, used 23040K [0x00000000d5580000, 0x00000000d7600000, 0x0000000100000000)
  eden space 16384K, 100% used [0x00000000d5580000,0x00000000d6580000,0x00000000d6580000)
  from space 6656K, 100% used [0x00000000d6900000,0x00000000d6f80000,0x00000000d6f80000)
  to   space 6656K, 0% used [0x00000000d6f80000,0x00000000d6f80000,0x00000000d7600000)
 ParOldGen       total 96768K, used 96302K [0x0000000080000000, 0x0000000085e80000, 0x00000000d5580000)
  object space 96768K, 99% used [0x0000000080000000,0x0000000085e0b970,0x0000000085e80000)
 Metaspace       used 62044K, committed 63488K, reserved 1114112K
  class space    used 6651K, committed 7296K, reserved 1048576K
}
Event: 23.782 GC heap after
{Heap after GC invocations=45 (full 3):
 PSYoungGen      total 12800K, used 6656K [0x00000000d5580000, 0x00000000d8d80000, 0x0000000100000000)
  eden space 6144K, 0% used [0x00000000d5580000,0x00000000d5580000,0x00000000d5b80000)
  from space 6656K, 100% used [0x00000000d6f80000,0x00000000d7600000,0x00000000d7600000)
  to   space 20480K, 0% used [0x00000000d5b80000,0x00000000d5b80000,0x00000000d6f80000)
 ParOldGen       total 108032K, used 107726K [0x0000000080000000, 0x0000000086980000, 0x00000000d5580000)
  object space 108032K, 99% used [0x0000000080000000,0x0000000086933970,0x0000000086980000)
 Metaspace       used 62044K, committed 63488K, reserved 1114112K
  class space    used 6651K, committed 7296K, reserved 1048576K
}
Event: 23.800 GC heap before
{Heap before GC invocations=46 (full 3):
 PSYoungGen      total 12800K, used 12800K [0x00000000d5580000, 0x00000000d8d80000, 0x0000000100000000)
  eden space 6144K, 100% used [0x00000000d5580000,0x00000000d5b80000,0x00000000d5b80000)
  from space 6656K, 100% used [0x00000000d6f80000,0x00000000d7600000,0x00000000d7600000)
  to   space 20480K, 0% used [0x00000000d5b80000,0x00000000d5b80000,0x00000000d6f80000)
 ParOldGen       total 108032K, used 107726K [0x0000000080000000, 0x0000000086980000, 0x00000000d5580000)
  object space 108032K, 99% used [0x0000000080000000,0x0000000086933970,0x0000000086980000)
 Metaspace       used 62193K, committed 63616K, reserved 1114112K
  class space    used 6658K, committed 7296K, reserved 1048576K
}
Event: 23.805 GC heap after
{Heap after GC invocations=46 (full 3):
 PSYoungGen      total 10240K, used 3968K [0x00000000d5580000, 0x00000000d7000000, 0x0000000100000000)
  eden space 6144K, 0% used [0x00000000d5580000,0x00000000d5580000,0x00000000d5b80000)
  from space 4096K, 96% used [0x00000000d5b80000,0x00000000d5f60020,0x00000000d5f80000)
  to   space 9216K, 0% used [0x00000000d6700000,0x00000000d6700000,0x00000000d7000000)
 ParOldGen       total 114688K, used 114454K [0x0000000080000000, 0x0000000087000000, 0x00000000d5580000)
  object space 114688K, 99% used [0x0000000080000000,0x0000000086fc5970,0x0000000087000000)
 Metaspace       used 62193K, committed 63616K, reserved 1114112K
  class space    used 6658K, committed 7296K, reserved 1048576K
}
Event: 23.828 GC heap before
{Heap before GC invocations=47 (full 3):
 PSYoungGen      total 10240K, used 10112K [0x00000000d5580000, 0x00000000d7000000, 0x0000000100000000)
  eden space 6144K, 100% used [0x00000000d5580000,0x00000000d5b80000,0x00000000d5b80000)
  from space 4096K, 96% used [0x00000000d5b80000,0x00000000d5f60020,0x00000000d5f80000)
  to   space 9216K, 0% used [0x00000000d6700000,0x00000000d6700000,0x00000000d7000000)
 ParOldGen       total 114688K, used 114454K [0x0000000080000000, 0x0000000087000000, 0x00000000d5580000)
  object space 114688K, 99% used [0x0000000080000000,0x0000000086fc5970,0x0000000087000000)
 Metaspace       used 62193K, committed 63616K, reserved 1114112K
  class space    used 6658K, committed 7296K, reserved 1048576K
}
Event: 23.832 GC heap after
{Heap after GC invocations=47 (full 3):
 PSYoungGen      total 10752K, used 4416K [0x00000000d5580000, 0x00000000d6b80000, 0x0000000100000000)
  eden space 6144K, 0% used [0x00000000d5580000,0x00000000d5580000,0x00000000d5b80000)
  from space 4608K, 95% used [0x00000000d6700000,0x00000000d6b50000,0x00000000d6b80000)
  to   space 5120K, 0% used [0x00000000d6180000,0x00000000d6180000,0x00000000d6680000)
 ParOldGen       total 118272K, used 118254K [0x0000000080000000, 0x0000000087380000, 0x00000000d5580000)
  object space 118272K, 99% used [0x0000000080000000,0x000000008737b990,0x0000000087380000)
 Metaspace       used 62193K, committed 63616K, reserved 1114112K
  class space    used 6658K, committed 7296K, reserved 1048576K
}
Event: 28.197 GC heap before
{Heap before GC invocations=48 (full 3):
 PSYoungGen      total 10752K, used 10560K [0x00000000d5580000, 0x00000000d6b80000, 0x0000000100000000)
  eden space 6144K, 100% used [0x00000000d5580000,0x00000000d5b80000,0x00000000d5b80000)
  from space 4608K, 95% used [0x00000000d6700000,0x00000000d6b50000,0x00000000d6b80000)
  to   space 5120K, 0% used [0x00000000d6180000,0x00000000d6180000,0x00000000d6680000)
 ParOldGen       total 118272K, used 118254K [0x0000000080000000, 0x0000000087380000, 0x00000000d5580000)
  object space 118272K, 99% used [0x0000000080000000,0x000000008737b990,0x0000000087380000)
 Metaspace       used 62432K, committed 63872K, reserved 1114112K
  class space    used 6678K, committed 7296K, reserved 1048576K
}
Event: 28.201 GC heap after
{Heap after GC invocations=48 (full 3):
 PSYoungGen      total 7680K, used 1184K [0x00000000d5580000, 0x00000000d6780000, 0x0000000100000000)
  eden space 6144K, 0% used [0x00000000d5580000,0x00000000d5580000,0x00000000d5b80000)
  from space 1536K, 77% used [0x00000000d6180000,0x00000000d62a8020,0x00000000d6300000)
  to   space 2560K, 0% used [0x00000000d6500000,0x00000000d6500000,0x00000000d6780000)
 ParOldGen       total 122880K, used 122606K [0x0000000080000000, 0x0000000087800000, 0x00000000d5580000)
  object space 122880K, 99% used [0x0000000080000000,0x00000000877bb990,0x0000000087800000)
 Metaspace       used 62432K, committed 63872K, reserved 1114112K
  class space    used 6678K, committed 7296K, reserved 1048576K
}

Dll operation events (10 events):
Event: 0.015 Loaded shared library c:\Users\Rishab Raj\.vscode\extensions\redhat.java-1.55.0-win32-x64\jre\21.0.11-win32-x86_64\bin\java.dll
Event: 0.098 Loaded shared library c:\Users\Rishab Raj\.vscode\extensions\redhat.java-1.55.0-win32-x64\jre\21.0.11-win32-x86_64\bin\zip.dll
Event: 0.127 Loaded shared library C:\Users\Rishab Raj\.vscode\extensions\redhat.java-1.55.0-win32-x64\jre\21.0.11-win32-x86_64\bin\instrument.dll
Event: 0.135 Loaded shared library C:\Users\Rishab Raj\.vscode\extensions\redhat.java-1.55.0-win32-x64\jre\21.0.11-win32-x86_64\bin\net.dll
Event: 0.138 Loaded shared library C:\Users\Rishab Raj\.vscode\extensions\redhat.java-1.55.0-win32-x64\jre\21.0.11-win32-x86_64\bin\nio.dll
Event: 0.143 Loaded shared library C:\Users\Rishab Raj\.vscode\extensions\redhat.java-1.55.0-win32-x64\jre\21.0.11-win32-x86_64\bin\zip.dll
Event: 0.167 Loaded shared library C:\Users\Rishab Raj\.vscode\extensions\redhat.java-1.55.0-win32-x64\jre\21.0.11-win32-x86_64\bin\jimage.dll
Event: 0.281 Loaded shared library c:\Users\Rishab Raj\.vscode\extensions\redhat.java-1.55.0-win32-x64\jre\21.0.11-win32-x86_64\bin\verify.dll
Event: 8.157 Loaded shared library C:\Users\Rishab Raj\AppData\Roaming\Code\User\globalStorage\redhat.java\1.55.0\config_win\org.eclipse.equinox.launcher\org.eclipse.equinox.launcher.win32.win32.x86_64_1.3.100.v20260613-0559\eclipse_11924.dll
Event: 18.604 Loaded shared library C:\Users\Rishab Raj\AppData\Local\Temp\jna--498999960\jna6694756364704757510.dll

Deoptimization events (20 events):
Event: 31.521 Thread 0x00000298fd9b6aa0 Uncommon trap: trap_request=0xffffffde fr.pc=0x00000298af9e4c00 relative=0x00000000000001c0
Event: 31.521 Thread 0x00000298fd9b6aa0 Uncommon trap: reason=class_check action=maybe_recompile pc=0x00000298af9e4c00 method=java.util.ArrayList.hashCodeRange(II)I @ 53 c2
Event: 31.521 Thread 0x00000298fd9b6aa0 DEOPT PACKING pc=0x00000298af9e4c00 sp=0x000000c54b2feb90
Event: 31.521 Thread 0x00000298fd9b6aa0 DEOPT UNPACKING pc=0x00000298af123aa2 sp=0x000000c54b2feaa8 mode 2
Event: 31.521 Thread 0x00000298fd9b6aa0 Uncommon trap: trap_request=0xffffffde fr.pc=0x00000298af9e4c00 relative=0x00000000000001c0
Event: 31.521 Thread 0x00000298fd9b6aa0 Uncommon trap: reason=class_check action=maybe_recompile pc=0x00000298af9e4c00 method=java.util.ArrayList.hashCodeRange(II)I @ 53 c2
Event: 31.521 Thread 0x00000298fd9b6aa0 DEOPT PACKING pc=0x00000298af9e4c00 sp=0x000000c54b2feb90
Event: 31.521 Thread 0x00000298fd9b6aa0 DEOPT UNPACKING pc=0x00000298af123aa2 sp=0x000000c54b2feaa8 mode 2
Event: 31.521 Thread 0x00000298fd9b6aa0 Uncommon trap: trap_request=0xffffffde fr.pc=0x00000298af973a3c relative=0x000000000000017c
Event: 31.521 Thread 0x00000298fd9b6aa0 Uncommon trap: reason=class_check action=maybe_recompile pc=0x00000298af973a3c method=java.util.ArrayList.hashCodeRange(II)I @ 53 c2
Event: 31.521 Thread 0x00000298fd9b6aa0 DEOPT PACKING pc=0x00000298af973a3c sp=0x000000c54b2feb20
Event: 31.521 Thread 0x00000298fd9b6aa0 DEOPT UNPACKING pc=0x00000298af123aa2 sp=0x000000c54b2feaa8 mode 2
Event: 31.528 Thread 0x00000298fd9b6aa0 Uncommon trap: trap_request=0xffffff45 fr.pc=0x00000298af7b9440 relative=0x0000000000000de0
Event: 31.528 Thread 0x00000298fd9b6aa0 Uncommon trap: reason=unstable_if action=reinterpret pc=0x00000298af7b9440 method=java.util.HashMap.putVal(ILjava/lang/Object;Ljava/lang/Object;ZZ)Ljava/lang/Object; @ 94 c2
Event: 31.528 Thread 0x00000298fd9b6aa0 DEOPT PACKING pc=0x00000298af7b9440 sp=0x000000c54b2fee30
Event: 31.528 Thread 0x00000298fd9b6aa0 DEOPT UNPACKING pc=0x00000298af123aa2 sp=0x000000c54b2fecd0 mode 2
Event: 318.720 Thread 0x00000298febe42b0 Uncommon trap: trap_request=0xffffff45 fr.pc=0x00000298afb557fc relative=0x000000000000073c
Event: 318.720 Thread 0x00000298febe42b0 Uncommon trap: reason=unstable_if action=reinterpret pc=0x00000298afb557fc method=java.util.HashMap.putVal(ILjava/lang/Object;Ljava/lang/Object;ZZ)Ljava/lang/Object; @ 236 c2
Event: 318.720 Thread 0x00000298febe42b0 DEOPT PACKING pc=0x00000298afb557fc sp=0x000000c54c2feec0
Event: 318.720 Thread 0x00000298febe42b0 DEOPT UNPACKING pc=0x00000298af123aa2 sp=0x000000c54c2fee38 mode 2

Classes loaded (20 events):
Event: 23.404 Loading class com/sun/crypto/provider/Padding done
Event: 23.404 Loading class com/sun/crypto/provider/PKCS5Padding done
Event: 23.404 Loading class com/sun/crypto/provider/CipherBlockChaining
Event: 23.405 Loading class com/sun/crypto/provider/CipherBlockChaining done
Event: 23.405 Loading class javax/crypto/NullCipher
Event: 23.405 Loading class javax/crypto/NullCipher done
Event: 23.406 Loading class sun/security/util/ArrayUtil
Event: 23.406 Loading class sun/security/util/ArrayUtil done
Event: 23.524 Loading class java/util/zip/CheckedInputStream
Event: 23.525 Loading class java/util/zip/CheckedInputStream done
Event: 23.536 Loading class jdk/internal/ref/CleanerImpl$InnocuousThreadFactory
Event: 23.537 Loading class jdk/internal/ref/CleanerImpl$InnocuousThreadFactory done
Event: 23.567 Loading class java/util/zip/GZIPInputStream$1
Event: 23.567 Loading class java/util/zip/GZIPInputStream$1 done
Event: 31.582 Loading class sun/nio/cs/ISO_8859_1$Encoder
Event: 31.582 Loading class sun/nio/cs/ISO_8859_1$Encoder done
Event: 31.582 Loading class sun/nio/cs/Surrogate$Parser
Event: 31.583 Loading class sun/nio/cs/Surrogate$Parser done
Event: 31.583 Loading class sun/nio/cs/Surrogate
Event: 31.583 Loading class sun/nio/cs/Surrogate done

Classes unloaded (7 events):
Event: 19.023 Thread 0x00000298a4a3f7d0 Unloading class 0x00000298bd1a4800 'java/lang/invoke/LambdaForm$MH+0x00000298bd1a4800'
Event: 19.023 Thread 0x00000298a4a3f7d0 Unloading class 0x00000298bd1a4400 'java/lang/invoke/LambdaForm$MH+0x00000298bd1a4400'
Event: 19.023 Thread 0x00000298a4a3f7d0 Unloading class 0x00000298bd1a4000 'java/lang/invoke/LambdaForm$MH+0x00000298bd1a4000'
Event: 19.023 Thread 0x00000298a4a3f7d0 Unloading class 0x00000298bd1a3c00 'java/lang/invoke/LambdaForm$MH+0x00000298bd1a3c00'
Event: 19.023 Thread 0x00000298a4a3f7d0 Unloading class 0x00000298bd1a3800 'java/lang/invoke/LambdaForm$BMH+0x00000298bd1a3800'
Event: 19.023 Thread 0x00000298a4a3f7d0 Unloading class 0x00000298bd1a3400 'java/lang/invoke/LambdaForm$DMH+0x00000298bd1a3400'
Event: 19.023 Thread 0x00000298a4a3f7d0 Unloading class 0x00000298bd1a2000 'java/lang/invoke/LambdaForm$DMH+0x00000298bd1a2000'

Classes redefined (0 events):
No events

Internal exceptions (20 events):
Event: 23.142 Thread 0x00000298febe6a10 Exception <a 'sun/nio/fs/WindowsException'{0x00000000d5f417c0}> (0x00000000d5f417c0) 
thrown [s\src\hotspot\share\prims\jni.cpp, line 520]
Event: 23.142 Thread 0x00000298febe6a10 Exception <a 'sun/nio/fs/WindowsException'{0x00000000d5f41df0}> (0x00000000d5f41df0) 
thrown [s\src\hotspot\share\prims\jni.cpp, line 520]
Event: 23.269 Thread 0x00000298febe6a10 Exception <a 'java/lang/NoSuchMethodError'{0x00000000d56511c8}: 'java.lang.Object java.lang.invoke.DirectMethodHandle$Holder.invokeStatic(java.lang.Object, java.lang.Object, int, java.lang.Object)'> (0x00000000d56511c8) 
thrown [s\src\hotspot\share\interpreter\linkResolver.cpp, line 773]
Event: 23.270 Thread 0x00000298febe6a10 Exception <a 'java/lang/NoSuchMethodError'{0x00000000d56578d8}: 'java.lang.Object java.lang.invoke.DirectMethodHandle$Holder.newInvokeSpecial(java.lang.Object, java.lang.Object, int)'> (0x00000000d56578d8) 
thrown [s\src\hotspot\share\interpreter\linkResolver.cpp, line 773]
Event: 23.274 Thread 0x00000298febe70a0 Exception <a 'java/lang/NoSuchMethodError'{0x00000000d57124a8}: 'java.lang.Object java.lang.invoke.DirectMethodHandle$Holder.invokeSpecial(java.lang.Object, java.lang.Object, int, long)'> (0x00000000d57124a8) 
thrown [s\src\hotspot\share\interpreter\linkResolver.cpp, line 773]
Event: 23.289 Thread 0x00000298ffb8c300 Exception <a 'sun/nio/fs/WindowsException'{0x00000000d584d6b0}> (0x00000000d584d6b0) 
thrown [s\src\hotspot\share\prims\jni.cpp, line 520]
Event: 23.290 Thread 0x00000298ffb8c300 Exception <a 'sun/nio/fs/WindowsException'{0x00000000d584dfb0}> (0x00000000d584dfb0) 
thrown [s\src\hotspot\share\prims\jni.cpp, line 520]
Event: 23.290 Thread 0x00000298ffb8c300 Exception <a 'sun/nio/fs/WindowsException'{0x00000000d584eec8}> (0x00000000d584eec8) 
thrown [s\src\hotspot\share\prims\jni.cpp, line 520]
Event: 23.290 Thread 0x00000298ffb8c300 Exception <a 'sun/nio/fs/WindowsException'{0x00000000d584f7a8}> (0x00000000d584f7a8) 
thrown [s\src\hotspot\share\prims\jni.cpp, line 520]
Event: 23.291 Thread 0x00000298ffb8c300 Exception <a 'sun/nio/fs/WindowsException'{0x00000000d585ff28}> (0x00000000d585ff28) 
thrown [s\src\hotspot\share\prims\jni.cpp, line 520]
Event: 23.291 Thread 0x00000298ffb8c300 Exception <a 'sun/nio/fs/WindowsException'{0x00000000d5860808}> (0x00000000d5860808) 
thrown [s\src\hotspot\share\prims\jni.cpp, line 520]
Event: 23.291 Thread 0x00000298ffb8c300 Exception <a 'sun/nio/fs/WindowsException'{0x00000000d58616f8}> (0x00000000d58616f8) 
thrown [s\src\hotspot\share\prims\jni.cpp, line 520]
Event: 23.291 Thread 0x00000298ffb8c300 Exception <a 'sun/nio/fs/WindowsException'{0x00000000d5861d28}> (0x00000000d5861d28) 
thrown [s\src\hotspot\share\prims\jni.cpp, line 520]
Event: 23.311 Thread 0x00000298852e8160 Exception <a 'java/lang/NoSuchMethodError'{0x00000000d5c57cd0}: 'java.lang.Object java.lang.invoke.DirectMethodHandle$Holder.invokeStaticInit(java.lang.Object, java.lang.Object, java.lang.Object)'> (0x00000000d5c57cd0) 
thrown [s\src\hotspot\share\interpreter\linkResolver.cpp, line 773]
Event: 23.343 Thread 0x00000298ffb8e3d0 Exception <a 'sun/nio/fs/WindowsException'{0x00000000d6170850}> (0x00000000d6170850) 
thrown [s\src\hotspot\share\prims\jni.cpp, line 520]
Event: 23.783 Thread 0x00000298852e6db0 Exception <a 'java/lang/IncompatibleClassChangeError'{0x00000000d55cd7a8}: Found class java.lang.Object, but interface was expected> (0x00000000d55cd7a8) 
thrown [s\src\hotspot\share\interpreter\linkResolver.cpp, line 840]
Event: 23.913 Thread 0x00000298febe42b0 Exception <a 'java/io/FileNotFoundException'{0x00000000d59975c8}> (0x00000000d59975c8) 
thrown [s\src\hotspot\share\prims\jni.cpp, line 520]
Event: 23.913 Thread 0x00000298febe42b0 Exception <a 'java/io/FileNotFoundException'{0x00000000d5998aa8}> (0x00000000d5998aa8) 
thrown [s\src\hotspot\share\prims\jni.cpp, line 520]
Event: 23.913 Thread 0x00000298febe42b0 Exception <a 'java/io/FileNotFoundException'{0x00000000d5999a80}> (0x00000000d5999a80) 
thrown [s\src\hotspot\share\prims\jni.cpp, line 520]
Event: 25.057 Thread 0x00000298852e6db0 Exception <a 'java/lang/IncompatibleClassChangeError'{0x00000000d5b24168}: Found class java.lang.Object, but interface was expected> (0x00000000d5b24168) 
thrown [s\src\hotspot\share\interpreter\linkResolver.cpp, line 840]

ZGC Phase Switch (0 events):
No events

VM Operations (20 events):
Event: 12257.744 Executing non-safepoint VM operation: HandshakeAllThreads (HandshakeForDeflation)
Event: 12257.744 Executing non-safepoint VM operation: HandshakeAllThreads (HandshakeForDeflation) done
Event: 12257.745 Executing non-safepoint VM operation: RendezvousGCThreads
Event: 12257.745 Executing non-safepoint VM operation: RendezvousGCThreads done
Event: 12317.765 Executing non-safepoint VM operation: HandshakeAllThreads (HandshakeForDeflation)
Event: 12317.765 Executing non-safepoint VM operation: HandshakeAllThreads (HandshakeForDeflation) done
Event: 12317.765 Executing non-safepoint VM operation: RendezvousGCThreads
Event: 12317.765 Executing non-safepoint VM operation: RendezvousGCThreads done
Event: 12377.924 Executing non-safepoint VM operation: HandshakeAllThreads (HandshakeForDeflation)
Event: 12377.924 Executing non-safepoint VM operation: HandshakeAllThreads (HandshakeForDeflation) done
Event: 12377.924 Executing non-safepoint VM operation: RendezvousGCThreads
Event: 12377.924 Executing non-safepoint VM operation: RendezvousGCThreads done
Event: 12438.013 Executing non-safepoint VM operation: HandshakeAllThreads (HandshakeForDeflation)
Event: 12438.013 Executing non-safepoint VM operation: HandshakeAllThreads (HandshakeForDeflation) done
Event: 12438.013 Executing non-safepoint VM operation: RendezvousGCThreads
Event: 12438.013 Executing non-safepoint VM operation: RendezvousGCThreads done
Event: 12558.358 Executing non-safepoint VM operation: HandshakeAllThreads (HandshakeForDeflation)
Event: 12558.358 Executing non-safepoint VM operation: HandshakeAllThreads (HandshakeForDeflation) done
Event: 12558.359 Executing non-safepoint VM operation: RendezvousGCThreads
Event: 12558.359 Executing non-safepoint VM operation: RendezvousGCThreads done

Memory protections (0 events):
No events

Nmethod flushes (20 events):
Event: 23.214 Thread 0x00000298a4a3f7d0 flushing  nmethod 0x00000298a83f7310
Event: 23.214 Thread 0x00000298a4a3f7d0 flushing  nmethod 0x00000298a8400110
Event: 23.214 Thread 0x00000298a4a3f7d0 flushing  nmethod 0x00000298a841e910
Event: 23.214 Thread 0x00000298a4a3f7d0 flushing  nmethod 0x00000298a842be90
Event: 23.214 Thread 0x00000298a4a3f7d0 flushing  nmethod 0x00000298a8432910
Event: 23.214 Thread 0x00000298a4a3f7d0 flushing  nmethod 0x00000298a8438410
Event: 23.214 Thread 0x00000298a4a3f7d0 flushing  nmethod 0x00000298a8470990
Event: 23.214 Thread 0x00000298a4a3f7d0 flushing  nmethod 0x00000298a8476410
Event: 23.214 Thread 0x00000298a4a3f7d0 flushing  nmethod 0x00000298a8477d10
Event: 23.214 Thread 0x00000298a4a3f7d0 flushing  nmethod 0x00000298a8479810
Event: 23.214 Thread 0x00000298a4a3f7d0 flushing  nmethod 0x00000298a847c190
Event: 23.214 Thread 0x00000298a4a3f7d0 flushing  nmethod 0x00000298a847cb90
Event: 23.214 Thread 0x00000298a4a3f7d0 flushing  nmethod 0x00000298a847d090
Event: 23.214 Thread 0x00000298a4a3f7d0 flushing  nmethod 0x00000298a847db10
Event: 23.214 Thread 0x00000298a4a3f7d0 flushing  nmethod 0x00000298a847e490
Event: 23.214 Thread 0x00000298a4a3f7d0 flushing  nmethod 0x00000298a847eb90
Event: 23.214 Thread 0x00000298a4a3f7d0 flushing  nmethod 0x00000298a8483c10
Event: 23.214 Thread 0x00000298a4a3f7d0 flushing  nmethod 0x00000298a8485490
Event: 23.214 Thread 0x00000298a4a3f7d0 flushing  nmethod 0x00000298a8488490
Event: 23.214 Thread 0x00000298a4a3f7d0 flushing  nmethod 0x00000298a8488c10

Events (20 events):
Event: 23.836 Thread 0x00000298ffb8e3d0 Thread exited: 0x00000298ffb8e3d0
Event: 24.087 Thread 0x00000298863588c0 Thread exited: 0x00000298863588c0
Event: 24.129 Thread 0x00000298ff1fffa0 Thread exited: 0x00000298ff1fffa0
Event: 31.521 Thread 0x00000298a4a593d0 Thread added: 0x00000298ff1fffa0
Event: 31.528 Thread 0x00000298a4a593d0 Thread added: 0x00000298886e1580
Event: 36.622 Thread 0x00000298886e1580 Thread exited: 0x00000298886e1580
Event: 41.622 Thread 0x00000298ff1fffa0 Thread exited: 0x00000298ff1fffa0
Event: 84.133 Thread 0x00000298febe7730 Thread exited: 0x00000298febe7730
Event: 84.195 Thread 0x00000298852e7440 Thread exited: 0x00000298852e7440
Event: 88.217 Thread 0x00000298852ec300 Thread exited: 0x00000298852ec300
Event: 144.133 Thread 0x00000298febe6a10 Thread exited: 0x00000298febe6a10
Event: 148.224 Thread 0x00000298852e87f0 Thread exited: 0x00000298852e87f0
Event: 208.229 Thread 0x00000298852e8160 Thread exited: 0x00000298852e8160
Event: 268.241 Thread 0x00000298ffb8c300 Thread exited: 0x00000298ffb8c300
Event: 323.105 Thread 0x00000298852e7ad0 Thread exited: 0x00000298852e7ad0
Event: 328.241 Thread 0x00000298852ed020 Thread exited: 0x00000298852ed020
Event: 388.249 Thread 0x00000298852ec990 Thread exited: 0x00000298852ec990
Event: 448.254 Thread 0x00000298852ebc70 Thread exited: 0x00000298852ebc70
Event: 623.117 Thread 0x00000298852eaf50 Thread exited: 0x00000298852eaf50
Event: 923.129 Thread 0x00000298852ea8c0 Thread exited: 0x00000298852ea8c0


Dynamic libraries:
0x00007ff605e60000 - 0x00007ff605e6e000 	c:\Users\Rishab Raj\.vscode\extensions\redhat.java-1.55.0-win32-x64\jre\21.0.11-win32-x86_64\bin\java.exe
0x00007ff9d9620000 - 0x00007ff9d9886000 	C:\WINDOWS\SYSTEM32\ntdll.dll
0x00007ff9d8800000 - 0x00007ff9d88c9000 	C:\WINDOWS\System32\KERNEL32.DLL
0x00007ff9d6f90000 - 0x00007ff9d738a000 	C:\WINDOWS\System32\KERNELBASE.dll
0x00007ff9d6e40000 - 0x00007ff9d6f8c000 	C:\WINDOWS\System32\ucrtbase.dll
0x00007ff9b6c30000 - 0x00007ff9b6c4e000 	c:\Users\Rishab Raj\.vscode\extensions\redhat.java-1.55.0-win32-x64\jre\21.0.11-win32-x86_64\bin\VCRUNTIME140.dll
0x00007ff9c4a40000 - 0x00007ff9c4a58000 	c:\Users\Rishab Raj\.vscode\extensions\redhat.java-1.55.0-win32-x64\jre\21.0.11-win32-x86_64\bin\jli.dll
0x00007ff9d7c60000 - 0x00007ff9d7e27000 	C:\WINDOWS\System32\USER32.dll
0x00007ff9c36d0000 - 0x00007ff9c3962000 	C:\WINDOWS\WinSxS\amd64_microsoft.windows.common-controls_6595b64144ccf1df_6.0.26100.8521_none_3e08b75ce33403b3\COMCTL32.dll
0x00007ff9d6a30000 - 0x00007ff9d6a57000 	C:\WINDOWS\System32\win32u.dll
0x00007ff9d88d0000 - 0x00007ff9d8979000 	C:\WINDOWS\System32\msvcrt.dll
0x00007ff9d7530000 - 0x00007ff9d755b000 	C:\WINDOWS\System32\GDI32.dll
0x00007ff9d6c50000 - 0x00007ff9d6d7b000 	C:\WINDOWS\System32\gdi32full.dll
0x00007ff9d6af0000 - 0x00007ff9d6b93000 	C:\WINDOWS\System32\msvcp_win.dll
0x00007ff9d85b0000 - 0x00007ff9d85e2000 	C:\WINDOWS\System32\IMM32.DLL
0x00007ff9c6360000 - 0x00007ff9c636c000 	c:\Users\Rishab Raj\.vscode\extensions\redhat.java-1.55.0-win32-x64\jre\21.0.11-win32-x86_64\bin\vcruntime140_1.dll
0x00007ff9a5fb0000 - 0x00007ff9a603d000 	c:\Users\Rishab Raj\.vscode\extensions\redhat.java-1.55.0-win32-x64\jre\21.0.11-win32-x86_64\bin\msvcp140.dll
0x00007ff93a220000 - 0x00007ff93afc2000 	c:\Users\Rishab Raj\.vscode\extensions\redhat.java-1.55.0-win32-x64\jre\21.0.11-win32-x86_64\bin\server\jvm.dll
0x00007ff9d85f0000 - 0x00007ff9d86a6000 	C:\WINDOWS\System32\ADVAPI32.dll
0x00007ff9d80e0000 - 0x00007ff9d818a000 	C:\WINDOWS\System32\sechost.dll
0x00007ff9d86b0000 - 0x00007ff9d87c8000 	C:\WINDOWS\System32\RPCRT4.dll
0x00007ff9d7560000 - 0x00007ff9d75e0000 	C:\WINDOWS\System32\WS2_32.dll
0x00007ff9d6710000 - 0x00007ff9d676e000 	C:\WINDOWS\SYSTEM32\POWRPROF.dll
0x00007ff9cea20000 - 0x00007ff9cea2b000 	C:\WINDOWS\SYSTEM32\VERSION.dll
0x00007ff9ce9e0000 - 0x00007ff9cea16000 	C:\WINDOWS\SYSTEM32\WINMM.dll
0x00007ff9d66f0000 - 0x00007ff9d6704000 	C:\WINDOWS\SYSTEM32\UMPDC.dll
0x00007ff9d5640000 - 0x00007ff9d565b000 	C:\WINDOWS\SYSTEM32\kernel.appcore.dll
0x00007ff9c4d30000 - 0x00007ff9c4d3a000 	c:\Users\Rishab Raj\.vscode\extensions\redhat.java-1.55.0-win32-x64\jre\21.0.11-win32-x86_64\bin\jimage.dll
0x00007ff9d3e10000 - 0x00007ff9d4052000 	C:\WINDOWS\SYSTEM32\DBGHELP.DLL
0x00007ff9d8190000 - 0x00007ff9d8513000 	C:\WINDOWS\System32\combase.dll
0x00007ff9d7e30000 - 0x00007ff9d7f09000 	C:\WINDOWS\System32\OLEAUT32.dll
0x00007ff9b8290000 - 0x00007ff9b82cb000 	C:\WINDOWS\SYSTEM32\dbgcore.DLL
0x00007ff9d6ba0000 - 0x00007ff9d6c48000 	C:\WINDOWS\System32\bcryptPrimitives.dll
0x00007ff9c4c60000 - 0x00007ff9c4c6f000 	c:\Users\Rishab Raj\.vscode\extensions\redhat.java-1.55.0-win32-x64\jre\21.0.11-win32-x86_64\bin\instrument.dll
0x00007ff9b6c10000 - 0x00007ff9b6c30000 	c:\Users\Rishab Raj\.vscode\extensions\redhat.java-1.55.0-win32-x64\jre\21.0.11-win32-x86_64\bin\java.dll
0x00007ff9d8de0000 - 0x00007ff9d9564000 	C:\WINDOWS\System32\SHELL32.dll
0x00007ff9d4440000 - 0x00007ff9d4cc0000 	C:\WINDOWS\SYSTEM32\windows.storage.dll
0x00007ff9d7f20000 - 0x00007ff9d8016000 	C:\WINDOWS\System32\SHCORE.dll
0x00007ff9d9570000 - 0x00007ff9d95d7000 	C:\WINDOWS\System32\shlwapi.dll
0x00007ff9d67d0000 - 0x00007ff9d67f9000 	C:\WINDOWS\SYSTEM32\profapi.dll
0x00007ff9b18d0000 - 0x00007ff9b18e8000 	c:\Users\Rishab Raj\.vscode\extensions\redhat.java-1.55.0-win32-x64\jre\21.0.11-win32-x86_64\bin\zip.dll
0x00007ff9ba070000 - 0x00007ff9ba080000 	C:\Users\Rishab Raj\.vscode\extensions\redhat.java-1.55.0-win32-x64\jre\21.0.11-win32-x86_64\bin\net.dll
0x00007ff9d0780000 - 0x00007ff9d08a9000 	C:\WINDOWS\SYSTEM32\WINHTTP.dll
0x00007ff9d5bb0000 - 0x00007ff9d5c1c000 	C:\WINDOWS\system32\mswsock.dll
0x00007ff9ad860000 - 0x00007ff9ad876000 	C:\Users\Rishab Raj\.vscode\extensions\redhat.java-1.55.0-win32-x64\jre\21.0.11-win32-x86_64\bin\nio.dll
0x00007ff9b6810000 - 0x00007ff9b6820000 	c:\Users\Rishab Raj\.vscode\extensions\redhat.java-1.55.0-win32-x64\jre\21.0.11-win32-x86_64\bin\verify.dll
0x00007ff9a7d50000 - 0x00007ff9a7d95000 	C:\Users\Rishab Raj\AppData\Roaming\Code\User\globalStorage\redhat.java\1.55.0\config_win\org.eclipse.equinox.launcher\org.eclipse.equinox.launcher.win32.win32.x86_64_1.3.100.v20260613-0559\eclipse_11924.dll
0x00007ff9d7390000 - 0x00007ff9d7528000 	C:\WINDOWS\System32\ole32.dll
0x00007ff9d5e90000 - 0x00007ff9d5eab000 	C:\WINDOWS\SYSTEM32\CRYPTSP.dll
0x00007ff9d55a0000 - 0x00007ff9d55d9000 	C:\WINDOWS\system32\rsaenh.dll
0x00007ff9d5c60000 - 0x00007ff9d5c93000 	C:\WINDOWS\SYSTEM32\USERENV.dll
0x00007ff9d67a0000 - 0x00007ff9d67ca000 	C:\WINDOWS\SYSTEM32\bcrypt.dll
0x00007ff9d5eb0000 - 0x00007ff9d5ebc000 	C:\WINDOWS\SYSTEM32\CRYPTBASE.dll
0x00007ff9d5050000 - 0x00007ff9d5083000 	C:\WINDOWS\SYSTEM32\IPHLPAPI.DLL
0x00007ff9d8980000 - 0x00007ff9d898a000 	C:\WINDOWS\System32\NSI.dll
0x00007ff9a7a40000 - 0x00007ff9a7a89000 	C:\Users\Rishab Raj\AppData\Local\Temp\jna--498999960\jna6694756364704757510.dll
0x00007ff9d7f10000 - 0x00007ff9d7f18000 	C:\WINDOWS\System32\PSAPI.DLL
0x00007ff9d09e0000 - 0x00007ff9d09fd000 	C:\WINDOWS\SYSTEM32\dhcpcsvc6.DLL
0x00007ff9d08b0000 - 0x00007ff9d08d5000 	C:\WINDOWS\SYSTEM32\dhcpcsvc.DLL

JVMTI agents:
c:\Users\Rishab Raj\.vscode\extensions\redhat.java-1.55.0-win32-x64\lombok\lombok-1.18.39-4050.jar path:c:\Users\Rishab Raj\.vscode\extensions\redhat.java-1.55.0-win32-x64\jre\21.0.11-win32-x86_64\bin\instrument.dll, loaded, initialized, instrumentlib options:none

dbghelp: loaded successfully - version: 4.0.5 - missing functions: none
symbol engine: initialized successfully - sym options: 0x614 - pdb path: .;c:\Users\Rishab Raj\.vscode\extensions\redhat.java-1.55.0-win32-x64\jre\21.0.11-win32-x86_64\bin;C:\WINDOWS\SYSTEM32;C:\WINDOWS\WinSxS\amd64_microsoft.windows.common-controls_6595b64144ccf1df_6.0.26100.8521_none_3e08b75ce33403b3;c:\Users\Rishab Raj\.vscode\extensions\redhat.java-1.55.0-win32-x64\jre\21.0.11-win32-x86_64\bin\server;C:\Users\Rishab Raj\AppData\Roaming\Code\User\globalStorage\redhat.java\1.55.0\config_win\org.eclipse.equinox.launcher\org.eclipse.equinox.launcher.win32.win32.x86_64_1.3.100.v20260613-0559;C:\Users\Rishab Raj\AppData\Local\Temp\jna--498999960

VM Arguments:
jvm_args: --add-modules=ALL-SYSTEM --add-opens=java.base/java.util=ALL-UNNAMED --add-opens=java.base/java.lang=ALL-UNNAMED --add-opens=java.base/sun.nio.fs=ALL-UNNAMED -Declipse.application=org.eclipse.jdt.ls.core.id1 -Dosgi.bundles.defaultStartLevel=4 -Declipse.product=org.eclipse.jdt.ls.core.product -Djava.import.generatesMetadataFilesAtProjectRoot=false -DDetectVMInstallationsJob.disabled=true -Dfile.encoding=utf8 -XX:+UseParallelGC -XX:GCTimeRatio=4 -XX:AdaptiveSizePolicyWeight=90 -Dsun.zip.disableMemoryMapping=true -Xmx2G -Xms100m -Xlog:disable -javaagent:c:\Users\Rishab Raj\.vscode\extensions\redhat.java-1.55.0-win32-x64\lombok\lombok-1.18.39-4050.jar -XX:+HeapDumpOnOutOfMemoryError -XX:HeapDumpPath=c:\Users\Rishab Raj\AppData\Roaming\Code\User\workspaceStorage\9986fddd050dcad5d5090b04e425bfdb\redhat.java -Daether.dependencyCollector.impl=bf 
java_command: c:\Users\Rishab Raj\.vscode\extensions\redhat.java-1.55.0-win32-x64\server\plugins\org.eclipse.equinox.launcher_1.7.200.v20260619-2039.jar -configuration c:\Users\Rishab Raj\AppData\Roaming\Code\User\globalStorage\redhat.java\1.55.0\config_win -data c:\Users\Rishab Raj\AppData\Roaming\Code\User\workspaceStorage\9986fddd050dcad5d5090b04e425bfdb\redhat.java\jdt_ws --pipe=\\.\pipe\lsp-e2d58b8429a331e4ab735e0c4ddd9c95-sock
java_class_path (initial): c:\Users\Rishab Raj\.vscode\extensions\redhat.java-1.55.0-win32-x64\server\plugins\org.eclipse.equinox.launcher_1.7.200.v20260619-2039.jar
Launcher Type: SUN_STANDARD

[Global flags]
    uintx AdaptiveSizePolicyWeight                 = 90                                        {product} {command line}
     intx CICompilerCount                          = 4                                         {product} {ergonomic}
    uintx GCTimeRatio                              = 4                                         {product} {command line}
     bool HeapDumpOnOutOfMemoryError               = true                                   {manageable} {command line}
    ccstr HeapDumpPath                             = c:\Users\Rishab Raj\AppData\Roaming\Code\User\workspaceStorage\9986fddd050dcad5d5090b04e425bfdb\redhat.java         {manageable} {command line}
   size_t InitialHeapSize                          = 104857600                                 {product} {command line}
   size_t MaxHeapSize                              = 2147483648                                {product} {command line}
   size_t MaxNewSize                               = 715653120                                 {product} {ergonomic}
   size_t MinHeapDeltaBytes                        = 524288                                    {product} {ergonomic}
   size_t MinHeapSize                              = 104857600                                 {product} {command line}
   size_t NewSize                                  = 34603008                                  {product} {ergonomic}
    uintx NonNMethodCodeHeapSize                   = 5839372                                {pd product} {ergonomic}
    uintx NonProfiledCodeHeapSize                  = 122909434                              {pd product} {ergonomic}
   size_t OldSize                                  = 70254592                                  {product} {ergonomic}
    uintx ProfiledCodeHeapSize                     = 122909434                              {pd product} {ergonomic}
    uintx ReservedCodeCacheSize                    = 251658240                              {pd product} {ergonomic}
     bool SegmentedCodeCache                       = true                                      {product} {ergonomic}
   size_t SoftMaxHeapSize                          = 2147483648                             {manageable} {ergonomic}
     bool UseCompressedOops                        = true                           {product lp64_product} {ergonomic}
     bool UseLargePagesIndividualAllocation        = false                                  {pd product} {ergonomic}
     bool UseParallelGC                            = true                                      {product} {command line}

Logging:
Log output configuration:
 #0: stdout all=off uptime,level,tags foldmultilines=false
 #1: stderr all=off uptime,level,tags foldmultilines=false

Release file:
JAVA_VERSION="21.0.11" 
MODULES="java.base java.compiler java.datatransfer java.xml java.prefs java.desktop java.instrument java.logging java.management java.security.sasl java.naming java.rmi java.management.rmi java.net.http java.scripting java.security.jgss java.transaction.xa java.sql java.sql.rowset java.xml.crypto java.se java.smartcardio jdk.accessibility jdk.internal.jvmstat jdk.attach jdk.charsets jdk.internal.opt jdk.zipfs jdk.compiler jdk.crypto.ec jdk.crypto.cryptoki jdk.crypto.mscapi jdk.dynalink jdk.internal.ed jdk.editpad jdk.hotspot.agent jdk.httpserver jdk.internal.le jdk.internal.vm.ci jdk.internal.vm.compiler jdk.internal.vm.compiler.management jdk.jartool jdk.javadoc jdk.jcmd jdk.management jdk.management.agent jdk.jconsole jdk.jdeps jdk.jdwp.agent jdk.jdi jdk.jfr jdk.jshell jdk.jsobject jdk.jstatd jdk.localedata jdk.management.jfr jdk.naming.dns jdk.naming.rmi jdk.net jdk.nio.mapmode jdk.random jdk.sctp jdk.security.auth jdk.security.jgss jdk.unsupported jdk.unsupported.desktop jdk.xml.dom" 

Environment Variables:
JAVA_HOME=C:\Program Files\Java\jdk-21
PATH=C:\Program Files\Microsoft\jdk-17.0.16.8-hotspot\bin;C:\Python313\Scripts\;C:\Python313\;C:\Program Files\Common Files\Oracle\Java\javapath;C:\WINDOWS\system32;C:\WINDOWS;C:\WINDOWS\System32\Wbem;C:\WINDOWS\System32\WindowsPowerShell\v1.0\;C:\WINDOWS\System32\OpenSSH\;C:\MinGW\bin;C:\Program Files\dotnet\;C:\Program Files\Microsoft SQL Server\150\Tools\Binn\;C:\Program Files\Microsoft SQL Server\Client SDK\ODBC\170\Tools\Binn\;C:\ProgramData\chocolatey\bin;C:\Program Files\nodejs\;C:\Program Files\Docker\Docker\resources\bin;C:\Program Files\Amazon\AWSCLIV2\;C:\Terraform;C:\Program Files\Java\jdk-25\bin;C:\Program Files\Go\bin;C:\Program Files\Git\cmd;C:\ProgramData\ComposerSetup\bin;C:\Users\Rishab Raj\.config\herd\bin\nvm;C:\Program Files\nodejs;D:\xampp\php;C:/msys64/ucrt64/bin;C:\Users\Rishab Raj\.dotnet\tools;C:\Users\Rishab Raj\AppData\Local\Microsoft\WindowsApps;C:\Users\Rishab Raj\AppData\Local\GitHubDesktop\bin;C:\Users\Rishab Raj\AppData\Roaming\npm;C:\Users\Rishab Raj\go\bin;C:\Users\Rishab Raj\AppData\Local\Programs\Microsoft VS Code\bin;C:\Users\Rishab Raj\AppData\Roaming\Composer\vendor\bin
USERNAME=Rishab Raj
OS=Windows_NT
PROCESSOR_IDENTIFIER=AMD64 Family 25 Model 80 Stepping 0, AuthenticAMD
TMP=C:\Users\RISHAB~1\AppData\Local\Temp
TEMP=C:\Users\RISHAB~1\AppData\Local\Temp




Periodic native trim disabled

---------------  S Y S T E M  ---------------

OS:
 Windows 11 , 64 bit Build 26100 (10.0.26100.8521)
OS uptime: 0 days 12:33 hours
Hyper-V role detected

CPU: total 12 (initial active 12) (12 cores per cpu, 2 threads per core) family 25 model 80 stepping 0 microcode 0xa50000d, cx8, cmov, fxsr, ht, mmx, 3dnowpref, sse, sse2, sse3, ssse3, sse4a, sse4.1, sse4.2, popcnt, lzcnt, tsc, tscinvbit, avx, avx2, aes, erms, clmul, bmi1, bmi2, adx, sha, fma, vzeroupper, clflush, clflushopt, hv, rdtscp, rdpid, fsrm, f16c, cet_ss
Processor Information for the first 12 processors :
  Max Mhz: 3301, Current Mhz: 3301, Mhz Limit: 3301

Memory: 4k page, system-wide physical 15773M (876M free)
TotalPageFile size 28273M (AvailPageFile size 57M)
current process WorkingSet (physical memory assigned to process): 13M, peak: 374M
current process commit charge ("private bytes"): 388M, peak: 475M

vm_info: OpenJDK 64-Bit Server VM (21.0.11+10-LTS) for windows-amd64 JRE (21.0.11+10-LTS), built on 2026-04-21T00:00:00Z by "admin" with MS VC++ 17.12 (VS2022)

END.
